Archive member included to satisfy reference by file (symbol)

/usr/share/gcc-arm-none-eabi-10.3-2021.10/bin/../lib/gcc/arm-none-eabi/10.3.1/thumb/v7e-m+fp/hard/libgcc.a(_arm_muldf3.o)
                              CMakeFiles/RTOS.elf.dir/Core/Src/bma220.c.obj (__aeabi_dmul)
/usr/share/gcc-arm-none-eabi-10.3-2021.10/bin/../lib/gcc/arm-none-eabi/10.3.1/thumb/v7e-m+fp/hard/libgcc.a(_arm_addsubdf3.o)
                              CMakeFiles/RTOS.elf.dir/Core/Src/bma220.c.obj (__aeabi_i2d)
/usr/share/gcc-arm-none-eabi-10.3-2021.10/bin/../lib/gcc/arm-none-eabi/10.3.1/thumb/v7e-m+fp/hard/libgcc.a(_arm_truncdfsf2.o)
                              CMakeFiles/RTOS.elf.dir/Core/Src/bma220.c.obj (__aeabi_d2f)
/usr/share/gcc-arm-none-eabi-10.3-2021.10/bin/../lib/gcc/arm-none-eabi/10.3.1/../../../../arm-none-eabi/lib/thumb/v7e-m+fp/hard/libg.a(lib_a-errno.o)
                              CMakeFiles/RTOS.elf.dir/Core/Src/syscalls.c.obj (__errno)
/usr/share/gcc-arm-none-eabi-10.3-2021.10/bin/../lib/gcc/arm-none-eabi/10.3.1/../../../../arm-none-eabi/lib/thumb/v7e-m+fp/hard/libg.a(lib_a-exit.o)
                              /usr/share/gcc-arm-none-eabi-10.3-2021.10/bin/../lib/gcc/arm-none-eabi/10.3.1/../../../../arm-none-eabi/lib/thumb/v7e-m+fp/hard/crt0.o (exit)
/usr/share/gcc-arm-none-eabi-10.3-2021.10/bin/../lib/gcc/arm-none-eabi/10.3.1/../../../../arm-none-eabi/lib/thumb/v7e-m+fp/hard/libg.a(lib_a-impure.o)
                              /usr/share/gcc-arm-none-eabi-10.3-2021.10/bin/../lib/gcc/arm-none-eabi/10.3.1/../../../../arm-none-eabi/lib/thumb/v7e-m+fp/hard/libg.a(lib_a-exit.o) (_global_impure_ptr)
/usr/share/gcc-arm-none-eabi-10.3-2021.10/bin/../lib/gcc/arm-none-eabi/10.3.1/../../../../arm-none-eabi/lib/thumb/v7e-m+fp/hard/libg.a(lib_a-init.o)
                              /usr/share/gcc-arm-none-eabi-10.3-2021.10/bin/../lib/gcc/arm-none-eabi/10.3.1/../../../../arm-none-eabi/lib/thumb/v7e-m+fp/hard/crt0.o (__libc_init_array)
/usr/share/gcc-arm-none-eabi-10.3-2021.10/bin/../lib/gcc/arm-none-eabi/10.3.1/../../../../arm-none-eabi/lib/thumb/v7e-m+fp/hard/libg.a(lib_a-malloc.o)
                              CMakeFiles/RTOS.elf.dir/Middlewares/Third_Party/FreeRTOS/Source/portable/MemMang/heap_3.c.obj (malloc)
/usr/share/gcc-arm-none-eabi-10.3-2021.10/bin/../lib/gcc/arm-none-eabi/10.3.1/../../../../arm-none-eabi/lib/thumb/v7e-m+fp/hard/libg.a(lib_a-mallocr.o)
                              /usr/share/gcc-arm-none-eabi-10.3-2021.10/bin/../lib/gcc/arm-none-eabi/10.3.1/../../../../arm-none-eabi/lib/thumb/v7e-m+fp/hard/libg.a(lib_a-malloc.o) (_malloc_r)
/usr/share/gcc-arm-none-eabi-10.3-2021.10/bin/../lib/gcc/arm-none-eabi/10.3.1/../../../../arm-none-eabi/lib/thumb/v7e-m+fp/hard/libg.a(lib_a-memcpy.o)
                              CMakeFiles/RTOS.elf.dir/Core/Src/bma220.c.obj (memcpy)
/usr/share/gcc-arm-none-eabi-10.3-2021.10/bin/../lib/gcc/arm-none-eabi/10.3.1/../../../../arm-none-eabi/lib/thumb/v7e-m+fp/hard/libg.a(lib_a-memset.o)
                              /usr/share/gcc-arm-none-eabi-10.3-2021.10/bin/../lib/gcc/arm-none-eabi/10.3.1/../../../../arm-none-eabi/lib/thumb/v7e-m+fp/hard/crt0.o (memset)
/usr/share/gcc-arm-none-eabi-10.3-2021.10/bin/../lib/gcc/arm-none-eabi/10.3.1/../../../../arm-none-eabi/lib/thumb/v7e-m+fp/hard/libg.a(lib_a-mlock.o)
                              /usr/share/gcc-arm-none-eabi-10.3-2021.10/bin/../lib/gcc/arm-none-eabi/10.3.1/../../../../arm-none-eabi/lib/thumb/v7e-m+fp/hard/libg.a(lib_a-mallocr.o) (__malloc_lock)
/usr/share/gcc-arm-none-eabi-10.3-2021.10/bin/../lib/gcc/arm-none-eabi/10.3.1/../../../../arm-none-eabi/lib/thumb/v7e-m+fp/hard/libg.a(lib_a-reent.o)
                              CMakeFiles/RTOS.elf.dir/Middlewares/Third_Party/FreeRTOS/Source/tasks.c.obj (_reclaim_reent)
/usr/share/gcc-arm-none-eabi-10.3-2021.10/bin/../lib/gcc/arm-none-eabi/10.3.1/../../../../arm-none-eabi/lib/thumb/v7e-m+fp/hard/libg.a(lib_a-sbrkr.o)
                              /usr/share/gcc-arm-none-eabi-10.3-2021.10/bin/../lib/gcc/arm-none-eabi/10.3.1/../../../../arm-none-eabi/lib/thumb/v7e-m+fp/hard/libg.a(lib_a-mallocr.o) (_sbrk_r)
/usr/share/gcc-arm-none-eabi-10.3-2021.10/bin/../lib/gcc/arm-none-eabi/10.3.1/../../../../arm-none-eabi/lib/thumb/v7e-m+fp/hard/libg.a(lib_a-sprintf.o)
                              CMakeFiles/RTOS.elf.dir/Core/Src/bma220.c.obj (sprintf)
/usr/share/gcc-arm-none-eabi-10.3-2021.10/bin/../lib/gcc/arm-none-eabi/10.3.1/../../../../arm-none-eabi/lib/thumb/v7e-m+fp/hard/libg.a(lib_a-strcat.o)
                              CMakeFiles/RTOS.elf.dir/Core/Src/bma220.c.obj (strcat)
/usr/share/gcc-arm-none-eabi-10.3-2021.10/bin/../lib/gcc/arm-none-eabi/10.3.1/../../../../arm-none-eabi/lib/thumb/v7e-m+fp/hard/libg.a(lib_a-strcpy.o)
                              /usr/share/gcc-arm-none-eabi-10.3-2021.10/bin/../lib/gcc/arm-none-eabi/10.3.1/../../../../arm-none-eabi/lib/thumb/v7e-m+fp/hard/libg.a(lib_a-strcat.o) (strcpy)
[...]
Memory Configuration

Name             Origin             Length             Attributes
CCMRAM           0x0000000010000000 0x0000000000004000 xrw
RAM              0x0000000020000000 0x0000000000010000 xrw
FLASH            0x0000000008000000 0x0000000000080000 xr
*default*        0x0000000000000000 0xffffffffffffffff

Linker script and memory map

LOAD /usr/share/gcc-arm-none-eabi-10.3-2021.10/bin/../lib/gcc/arm-none-eabi/10.3.1/thumb/v7e-m+fp/hard/crti.o
LOAD /usr/share/gcc-arm-none-eabi-10.3-2021.10/bin/../lib/gcc/arm-none-eabi/10.3.1/thumb/v7e-m+fp/hard/crtbegin.o
LOAD /usr/share/gcc-arm-none-eabi-10.3-2021.10/bin/../lib/gcc/arm-none-eabi/10.3.1/../../../../arm-none-eabi/lib/thumb/v7e-m+fp/hard/crt0.o
LOAD CMakeFiles/RTOS.elf.dir/Core/Src/bma220.c.obj
LOAD CMakeFiles/RTOS.elf.dir/Core/Src/crc8.c.obj
LOAD CMakeFiles/RTOS.elf.dir/Core/Src/freertos.c.obj
LOAD CMakeFiles/RTOS.elf.dir/Core/Src/gpio.c.obj
LOAD CMakeFiles/RTOS.elf.dir/Core/Src/i2c.c.obj
LOAD CMakeFiles/RTOS.elf.dir/Core/Src/main.c.obj
LOAD CMakeFiles/RTOS.elf.dir/Core/Src/stm32f3xx_hal_msp.c.obj
LOAD CMakeFiles/RTOS.elf.dir/Core/Src/stm32f3xx_hal_timebase_tim.c.obj
LOAD CMakeFiles/RTOS.elf.dir/Core/Src/stm32f3xx_it.c.obj
LOAD CMakeFiles/RTOS.elf.dir/Core/Src/syscalls.c.obj
LOAD CMakeFiles/RTOS.elf.dir/Core/Src/sysmem.c.obj
LOAD CMakeFiles/RTOS.elf.dir/Core/Src/system_stm32f3xx.c.obj
LOAD CMakeFiles/RTOS.elf.dir/Core/Src/usart.c.obj
LOAD CMakeFiles/RTOS.elf.dir/Core/Startup/startup_stm32f303retx.s.obj
LOAD CMakeFiles/RTOS.elf.dir/Drivers/STM32F3xx_HAL_Driver/Src/stm32f3xx_hal.c.obj
LOAD CMakeFiles/RTOS.elf.dir/Drivers/STM32F3xx_HAL_Driver/Src/stm32f3xx_hal_cortex.c.obj
LOAD CMakeFiles/RTOS.elf.dir/Drivers/STM32F3xx_HAL_Driver/Src/stm32f3xx_hal_dma.c.obj
LOAD CMakeFiles/RTOS.elf.dir/Drivers/STM32F3xx_HAL_Driver/Src/stm32f3xx_hal_exti.c.obj
LOAD CMakeFiles/RTOS.elf.dir/Drivers/STM32F3xx_HAL_Driver/Src/stm32f3xx_hal_flash.c.obj
LOAD CMakeFiles/RTOS.elf.dir/Drivers/STM32F3xx_HAL_Driver/Src/stm32f3xx_hal_flash_ex.c.obj
LOAD CMakeFiles/RTOS.elf.dir/Drivers/STM32F3xx_HAL_Driver/Src/stm32f3xx_hal_gpio.c.obj
LOAD CMakeFiles/RTOS.elf.dir/Drivers/STM32F3xx_HAL_Driver/Src/stm32f3xx_hal_i2c.c.obj
LOAD CMakeFiles/RTOS.elf.dir/Drivers/STM32F3xx_HAL_Driver/Src/stm32f3xx_hal_i2c_ex.c.obj
LOAD CMakeFiles/RTOS.elf.dir/Drivers/STM32F3xx_HAL_Driver/Src/stm32f3xx_hal_pwr.c.obj
LOAD CMakeFiles/RTOS.elf.dir/Drivers/STM32F3xx_HAL_Driver/Src/stm32f3xx_hal_pwr_ex.c.obj
LOAD CMakeFiles/RTOS.elf.dir/Drivers/STM32F3xx_HAL_Driver/Src/stm32f3xx_hal_rcc.c.obj
LOAD CMakeFiles/RTOS.elf.dir/Drivers/STM32F3xx_HAL_Driver/Src/stm32f3xx_hal_rcc_ex.c.obj
LOAD CMakeFiles/RTOS.elf.dir/Drivers/STM32F3xx_HAL_Driver/Src/stm32f3xx_hal_tim.c.obj
LOAD CMakeFiles/RTOS.elf.dir/Drivers/STM32F3xx_HAL_Driver/Src/stm32f3xx_hal_tim_ex.c.obj
LOAD CMakeFiles/RTOS.elf.dir/Drivers/STM32F3xx_HAL_Driver/Src/stm32f3xx_hal_uart.c.obj
LOAD CMakeFiles/RTOS.elf.dir/Drivers/STM32F3xx_HAL_Driver/Src/stm32f3xx_hal_uart_ex.c.obj
LOAD CMakeFiles/RTOS.elf.dir/Middlewares/Third_Party/FreeRTOS/Source/CMSIS_RTOS_V2/cmsis_os2.c.obj
LOAD CMakeFiles/RTOS.elf.dir/Middlewares/Third_Party/FreeRTOS/Source/croutine.c.obj
LOAD CMakeFiles/RTOS.elf.dir/Middlewares/Third_Party/FreeRTOS/Source/event_groups.c.obj
LOAD CMakeFiles/RTOS.elf.dir/Middlewares/Third_Party/FreeRTOS/Source/list.c.obj
LOAD CMakeFiles/RTOS.elf.dir/Middlewares/Third_Party/FreeRTOS/Source/portable/GCC/ARM_CM4F/port.c.obj
LOAD CMakeFiles/RTOS.elf.dir/Middlewares/Third_Party/FreeRTOS/Source/portable/MemMang/heap_3.c.obj
LOAD CMakeFiles/RTOS.elf.dir/Middlewares/Third_Party/FreeRTOS/Source/queue.c.obj
LOAD CMakeFiles/RTOS.elf.dir/Middlewares/Third_Party/FreeRTOS/Source/stream_buffer.c.obj
LOAD CMakeFiles/RTOS.elf.dir/Middlewares/Third_Party/FreeRTOS/Source/tasks.c.obj
LOAD CMakeFiles/RTOS.elf.dir/Middlewares/Third_Party/FreeRTOS/Source/timers.c.obj
START GROUP
LOAD /usr/share/gcc-arm-none-eabi-10.3-2021.10/bin/../lib/gcc/arm-none-eabi/10.3.1/thumb/v7e-m+fp/hard/libgcc.a
LOAD /usr/share/gcc-arm-none-eabi-10.3-2021.10/bin/../lib/gcc/arm-none-eabi/10.3.1/../../../../arm-none-eabi/lib/thumb/v7e-m+fp/hard/libg.a
LOAD /usr/share/gcc-arm-none-eabi-10.3-2021.10/bin/../lib/gcc/arm-none-eabi/10.3.1/../../../../arm-none-eabi/lib/thumb/v7e-m+fp/hard/libc.a
END GROUP
LOAD /usr/share/gcc-arm-none-eabi-10.3-2021.10/bin/../lib/gcc/arm-none-eabi/10.3.1/thumb/v7e-m+fp/hard/crtend.o
LOAD /usr/share/gcc-arm-none-eabi-10.3-2021.10/bin/../lib/gcc/arm-none-eabi/10.3.1/thumb/v7e-m+fp/hard/crtn.o
                0x0000000020010000                _estack = (ORIGIN (RAM) + LENGTH (RAM))
                0x0000000000000200                _Min_Heap_Size = 0x200
                0x0000000000000400                _Min_Stack_Size = 0x400

.isr_vector     0x0000000008000000      0x194
                0x0000000008000000                . = ALIGN (0x4)
 *(.isr_vector)
 .isr_vector    0x0000000008000000      0x194 CMakeFiles/RTOS.elf.dir/Core/Startup/startup_stm32f303retx.s.obj
                0x0000000008000000                g_pfnVectors
                0x0000000008000194                . = ALIGN (0x4)

.text           0x00000000080001c0     0xc1f0
                0x00000000080001c0                . = ALIGN (0x4)
 *(.text)
 .text          0x00000000080001c0       0x40 /usr/share/gcc-arm-none-eabi-10.3-2021.10/bin/../lib/gcc/arm-none-eabi/10.3.1/thumb/v7e-m+fp/hard/crtbegin.o
 .text          0x0000000008000200      0x378 /usr/share/gcc-arm-none-eabi-10.3-2021.10/bin/../lib/gcc/arm-none-eabi/10.3.1/thumb/v7e-m+fp/hard/libgcc.a(_arm_addsubdf3.o)
                0x0000000008000200                __aeabi_drsub
                0x0000000008000208                __aeabi_dsub
                0x0000000008000208                __subdf3
                0x000000000800020c                __adddf3
                0x000000000800020c                __aeabi_dadd
                0x0000000008000484                __aeabi_ui2d
                0x0000000008000484                __floatunsidf
                0x00000000080004a4                __floatsidf
                0x00000000080004a4                __aeabi_i2d
                0x00000000080004c8                __extendsfdf2
                0x00000000080004c8                __aeabi_f2d
                0x000000000800050c                __aeabi_ul2d
                0x000000000800050c                __floatundidf
                0x000000000800051c                __floatdidf
                0x000000000800051c                __aeabi_l2d
 .text          0x0000000008000578       0xa0 /usr/share/gcc-arm-none-eabi-10.3-2021.10/bin/../lib/gcc/arm-none-eabi/10.3.1/thumb/v7e-m+fp/hard/libgcc.a(_arm_truncdfsf2.o)
                0x0000000008000578                __aeabi_d2f
                0x0000000008000578                __truncdfsf2
 .text          0x0000000008000618      0x134 /usr/share/gcc-arm-none-eabi-10.3-2021.10/bin/../lib/gcc/arm-none-eabi/10.3.1/../../../../arm-none-eabi/lib/thumb/v7e-m+fp/hard/libg.a(lib_a-memcpy.o)
                0x0000000008000618                memcpy
 *fill*         0x000000000800074c       0x34 
 .text          0x0000000008000780       0xdc /usr/share/gcc-arm-none-eabi-10.3-2021.10/bin/../lib/gcc/arm-none-eabi/10.3.1/../../../../arm-none-eabi/lib/thumb/v7e-m+fp/hard/libg.a(lib_a-strlen.o)
                0x0000000008000780                strlen
 *fill*         0x000000000800085c        0x4 
 .text          0x0000000008000860       0xa0 /usr/share/gcc-arm-none-eabi-10.3-2021.10/bin/../lib/gcc/arm-none-eabi/10.3.1/../../../../arm-none-eabi/lib/thumb/v7e-m+fp/hard/libg.a(lib_a-memchr.o)
                0x0000000008000860                memchr
 .text          0x0000000008000900      0x424 /usr/share/gcc-arm-none-eabi-10.3-2021.10/bin/../lib/gcc/arm-none-eabi/10.3.1/thumb/v7e-m+fp/hard/libgcc.a(_arm_muldivdf3.o)
                0x0000000008000900                __aeabi_dmul
                0x0000000008000900                __muldf3
                0x0000000008000b54                __aeabi_ddiv
                0x0000000008000b54                __divdf3
 .text          0x0000000008000d24      0x110 /usr/share/gcc-arm-none-eabi-10.3-2021.10/bin/../lib/gcc/arm-none-eabi/10.3.1/thumb/v7e-m+fp/hard/libgcc.a(_arm_cmpdf2.o)
                0x0000000008000d24                __gtdf2
                0x0000000008000d24                __gedf2
                0x0000000008000d2c                __ltdf2
                0x0000000008000d2c                __ledf2
                0x0000000008000d34                __cmpdf2
                0x0000000008000d34                __eqdf2
                0x0000000008000d34                __nedf2
                0x0000000008000db0                __aeabi_cdrcmple
                0x0000000008000dc0                __aeabi_cdcmple
                0x0000000008000dc0                __aeabi_cdcmpeq
                0x0000000008000dd0                __aeabi_dcmpeq
                0x0000000008000de4                __aeabi_dcmplt
                0x0000000008000df8                __aeabi_dcmple
                0x0000000008000e0c                __aeabi_dcmpge
                0x0000000008000e20                __aeabi_dcmpgt
 .text          0x0000000008000e34       0x2c /usr/share/gcc-arm-none-eabi-10.3-2021.10/bin/../lib/gcc/arm-none-eabi/10.3.1/thumb/v7e-m+fp/hard/libgcc.a(_arm_unorddf2.o)
                0x0000000008000e34                __aeabi_dcmpun
                0x0000000008000e34                __unorddf2
 .text          0x0000000008000e60       0x50 /usr/share/gcc-arm-none-eabi-10.3-2021.10/bin/../lib/gcc/arm-none-eabi/10.3.1/thumb/v7e-m+fp/hard/libgcc.a(_arm_fixdfsi.o)
                0x0000000008000e60                __fixdfsi
                0x0000000008000e60                __aeabi_d2iz
 .text          0x0000000008000eb0       0x30 /usr/share/gcc-arm-none-eabi-10.3-2021.10/bin/../lib/gcc/arm-none-eabi/10.3.1/thumb/v7e-m+fp/hard/libgcc.a(_aeabi_uldivmod.o)
                0x0000000008000eb0                __aeabi_uldivmod
 .text          0x0000000008000ee0      0x2d0 /usr/share/gcc-arm-none-eabi-10.3-2021.10/bin/../lib/gcc/arm-none-eabi/10.3.1/thumb/v7e-m+fp/hard/libgcc.a(_udivmoddi4.o)
                0x0000000008000ee0                __udivmoddi4
 .text          0x00000000080011b0        0x4 /usr/share/gcc-arm-none-eabi-10.3-2021.10/bin/../lib/gcc/arm-none-eabi/10.3.1/thumb/v7e-m+fp/hard/libgcc.a(_dvmd_tls.o)
                0x00000000080011b0                __aeabi_ldiv0
                0x00000000080011b0                __aeabi_idiv0
 *(.text*)
 *fill*         0x00000000080011b4        0x4 
 .text.BMA220_CalcAcc
                0x00000000080011b8       0x74 CMakeFiles/RTOS.elf.dir/Core/Src/bma220.c.obj
                0x00000000080011b8                BMA220_CalcAcc
 .text.BMA220_CreateString
                0x000000000800122c       0x7c CMakeFiles/RTOS.elf.dir/Core/Src/bma220.c.obj
                0x000000000800122c                BMA220_CreateString
 .text.BMA220_ReadRegister
                0x00000000080012a8       0x24 CMakeFiles/RTOS.elf.dir/Core/Src/bma220.c.obj
                0x00000000080012a8                BMA220_ReadRegister
 .text.BMA220_Init
                0x00000000080012cc       0x90 CMakeFiles/RTOS.elf.dir/Core/Src/bma220.c.obj
                0x00000000080012cc                BMA220_Init
 .text.BMA220_ReadAcc
                0x000000000800135c       0x5e CMakeFiles/RTOS.elf.dir/Core/Src/bma220.c.obj
                0x000000000800135c                BMA220_ReadAcc
 .text.Callback01
                0x00000000080013ba        0x2 CMakeFiles/RTOS.elf.dir/Core/Src/freertos.c.obj
                0x00000000080013ba                Callback01
 .text.Callback02
                0x00000000080013bc        0x2 CMakeFiles/RTOS.elf.dir/Core/Src/freertos.c.obj
                0x00000000080013bc                Callback02
 *fill*         0x00000000080013be        0x2 
 .text.StartReadI2CData
                0x00000000080013c0       0x38 CMakeFiles/RTOS.elf.dir/Core/Src/freertos.c.obj
                0x00000000080013c0                StartReadI2CData
 .text.recConfUART
                0x00000000080013f8        0xa CMakeFiles/RTOS.elf.dir/Core/Src/freertos.c.obj
                0x00000000080013f8                recConfUART
 *fill*         0x0000000008001402        0x2 
 .text.CalculateRawData
                0x0000000008001404       0x54 CMakeFiles/RTOS.elf.dir/Core/Src/freertos.c.obj
                0x0000000008001404                CalculateRawData
 .text.SendDataUART
                0x0000000008001458       0x54 CMakeFiles/RTOS.elf.dir/Core/Src/freertos.c.obj
                0x0000000008001458                SendDataUART
 .text.MX_FREERTOS_Init
                0x00000000080014ac      0x110 CMakeFiles/RTOS.elf.dir/Core/Src/freertos.c.obj
                0x00000000080014ac                MX_FREERTOS_Init
 .text.MX_GPIO_Init
                0x00000000080015bc       0xc0 CMakeFiles/RTOS.elf.dir/Core/Src/gpio.c.obj
                0x00000000080015bc                MX_GPIO_Init
 .text.MX_I2C1_Init
                0x000000000800167c       0x58 CMakeFiles/RTOS.elf.dir/Core/Src/i2c.c.obj
                0x000000000800167c                MX_I2C1_Init
 .text.HAL_I2C_MspInit
                0x00000000080016d4       0xa0 CMakeFiles/RTOS.elf.dir/Core/Src/i2c.c.obj
                0x00000000080016d4                HAL_I2C_MspInit
 .text.SystemClock_Config
                0x0000000008001774       0x6e CMakeFiles/RTOS.elf.dir/Core/Src/main.c.obj
                0x0000000008001774                SystemClock_Config
 *fill*         0x00000000080017e2        0x2 
 .text.main     0x00000000080017e4       0x34 CMakeFiles/RTOS.elf.dir/Core/Src/main.c.obj
                0x00000000080017e4                main
 .text.HAL_TIM_PeriodElapsedCallback
                0x0000000008001818       0x18 CMakeFiles/RTOS.elf.dir/Core/Src/main.c.obj
                0x0000000008001818                HAL_TIM_PeriodElapsedCallback
 .text.Error_Handler
                0x0000000008001830        0x4 CMakeFiles/RTOS.elf.dir/Core/Src/main.c.obj
                0x0000000008001830                Error_Handler
 .text.HAL_MspInit
                0x0000000008001834       0x40 CMakeFiles/RTOS.elf.dir/Core/Src/stm32f3xx_hal_msp.c.obj
                0x0000000008001834                HAL_MspInit
 .text.HAL_InitTick
                0x0000000008001874       0x94 CMakeFiles/RTOS.elf.dir/Core/Src/stm32f3xx_hal_timebase_tim.c.obj
                0x0000000008001874                HAL_InitTick
 .text.NMI_Handler
                0x0000000008001908        0x2 CMakeFiles/RTOS.elf.dir/Core/Src/stm32f3xx_it.c.obj
                0x0000000008001908                NMI_Handler
 .text.HardFault_Handler
                0x000000000800190a        0x2 CMakeFiles/RTOS.elf.dir/Core/Src/stm32f3xx_it.c.obj
                0x000000000800190a                HardFault_Handler
 .text.MemManage_Handler
                0x000000000800190c        0x2 CMakeFiles/RTOS.elf.dir/Core/Src/stm32f3xx_it.c.obj
                0x000000000800190c                MemManage_Handler
 .text.BusFault_Handler
                0x000000000800190e        0x2 CMakeFiles/RTOS.elf.dir/Core/Src/stm32f3xx_it.c.obj
                0x000000000800190e                BusFault_Handler
 .text.UsageFault_Handler
                0x0000000008001910        0x2 CMakeFiles/RTOS.elf.dir/Core/Src/stm32f3xx_it.c.obj
                0x0000000008001910                UsageFault_Handler
 .text.DebugMon_Handler
                0x0000000008001912        0x2 CMakeFiles/RTOS.elf.dir/Core/Src/stm32f3xx_it.c.obj
                0x0000000008001912                DebugMon_Handler
 .text.TIM1_UP_TIM16_IRQHandler
                0x0000000008001914       0x10 CMakeFiles/RTOS.elf.dir/Core/Src/stm32f3xx_it.c.obj
                0x0000000008001914                TIM1_UP_TIM16_IRQHandler
 .text._getpid  0x0000000008001924        0x4 CMakeFiles/RTOS.elf.dir/Core/Src/syscalls.c.obj
                0x0000000008001924                _getpid
 .text._kill    0x0000000008001928       0x10 CMakeFiles/RTOS.elf.dir/Core/Src/syscalls.c.obj
                0x0000000008001928                _kill
 .text._exit    0x0000000008001938        0xc CMakeFiles/RTOS.elf.dir/Core/Src/syscalls.c.obj
                0x0000000008001938                _exit
 .text._read    0x0000000008001944       0x20 CMakeFiles/RTOS.elf.dir/Core/Src/syscalls.c.obj
                0x0000000008001944                _read
 .text._write   0x0000000008001964       0x1c CMakeFiles/RTOS.elf.dir/Core/Src/syscalls.c.obj
                0x0000000008001964                _write
 .text._close   0x0000000008001980        0x6 CMakeFiles/RTOS.elf.dir/Core/Src/syscalls.c.obj
                0x0000000008001980                _close
 .text._fstat   0x0000000008001986        0xa CMakeFiles/RTOS.elf.dir/Core/Src/syscalls.c.obj
                0x0000000008001986                _fstat
 .text._isatty  0x0000000008001990        0x4 CMakeFiles/RTOS.elf.dir/Core/Src/syscalls.c.obj
                0x0000000008001990                _isatty
 .text._lseek   0x0000000008001994        0x4 CMakeFiles/RTOS.elf.dir/Core/Src/syscalls.c.obj
                0x0000000008001994                _lseek
 .text._sbrk    0x0000000008001998       0x48 CMakeFiles/RTOS.elf.dir/Core/Src/sysmem.c.obj
                0x0000000008001998                _sbrk
 .text.SystemInit
                0x00000000080019e0       0x14 CMakeFiles/RTOS.elf.dir/Core/Src/system_stm32f3xx.c.obj
                0x00000000080019e0                SystemInit
 .text.MX_USART2_UART_Init
                0x00000000080019f4       0x38 CMakeFiles/RTOS.elf.dir/Core/Src/usart.c.obj
                0x00000000080019f4                MX_USART2_UART_Init
 .text.HAL_UART_MspInit
                0x0000000008001a2c       0x64 CMakeFiles/RTOS.elf.dir/Core/Src/usart.c.obj
                0x0000000008001a2c                HAL_UART_MspInit
 .text.Reset_Handler
                0x0000000008001a90       0x50 CMakeFiles/RTOS.elf.dir/Core/Startup/startup_stm32f303retx.s.obj
                0x0000000008001a90                Reset_Handler
 .text.Default_Handler
                0x0000000008001ae0        0x2 CMakeFiles/RTOS.elf.dir/Core/Startup/startup_stm32f303retx.s.obj
                0x0000000008001ae0                RTC_Alarm_IRQHandler
                0x0000000008001ae0                TIM8_TRG_COM_IRQHandler
                0x0000000008001ae0                TIM8_CC_IRQHandler
                0x0000000008001ae0                SPI4_IRQHandler
                0x0000000008001ae0                TIM1_CC_IRQHandler
                0x0000000008001ae0                USB_HP_IRQHandler
                0x0000000008001ae0                PVD_IRQHandler
                0x0000000008001ae0                TAMP_STAMP_IRQHandler
                0x0000000008001ae0                EXTI3_IRQHandler
                0x0000000008001ae0                I2C3_ER_IRQHandler
                0x0000000008001ae0                USB_HP_CAN_TX_IRQHandler
                0x0000000008001ae0                EXTI0_IRQHandler
                0x0000000008001ae0                I2C2_EV_IRQHandler
                0x0000000008001ae0                FPU_IRQHandler
                0x0000000008001ae0                ADC1_2_IRQHandler
                0x0000000008001ae0                SPI1_IRQHandler
                0x0000000008001ae0                CAN_SCE_IRQHandler
                0x0000000008001ae0                TIM6_DAC_IRQHandler
                0x0000000008001ae0                TIM8_UP_IRQHandler
                0x0000000008001ae0                DMA2_Channel2_IRQHandler
                0x0000000008001ae0                DMA1_Channel4_IRQHandler
                0x0000000008001ae0                TIM20_TRG_COM_IRQHandler
                0x0000000008001ae0                USART3_IRQHandler
                0x0000000008001ae0                DMA1_Channel7_IRQHandler
                0x0000000008001ae0                UART5_IRQHandler
                0x0000000008001ae0                ADC3_IRQHandler
                0x0000000008001ae0                TIM4_IRQHandler
                0x0000000008001ae0                CAN_RX1_IRQHandler
                0x0000000008001ae0                DMA2_Channel1_IRQHandler
                0x0000000008001ae0                I2C1_EV_IRQHandler
                0x0000000008001ae0                DMA1_Channel6_IRQHandler
                0x0000000008001ae0                UART4_IRQHandler
                0x0000000008001ae0                DMA2_Channel4_IRQHandler
                0x0000000008001ae0                TIM3_IRQHandler
                0x0000000008001ae0                RCC_IRQHandler
                0x0000000008001ae0                TIM20_UP_IRQHandler
                0x0000000008001ae0                DMA1_Channel1_IRQHandler
                0x0000000008001ae0                Default_Handler
                0x0000000008001ae0                USBWakeUp_RMP_IRQHandler
                0x0000000008001ae0                EXTI15_10_IRQHandler
                0x0000000008001ae0                TIM7_IRQHandler
                0x0000000008001ae0                I2C3_EV_IRQHandler
                0x0000000008001ae0                EXTI9_5_IRQHandler
                0x0000000008001ae0                RTC_WKUP_IRQHandler
                0x0000000008001ae0                SPI2_IRQHandler
                0x0000000008001ae0                USB_LP_CAN_RX0_IRQHandler
                0x0000000008001ae0                DMA2_Channel5_IRQHandler
                0x0000000008001ae0                DMA1_Channel5_IRQHandler
                0x0000000008001ae0                USB_LP_IRQHandler
                0x0000000008001ae0                EXTI4_IRQHandler
                0x0000000008001ae0                TIM1_TRG_COM_TIM17_IRQHandler
                0x0000000008001ae0                DMA1_Channel3_IRQHandler
                0x0000000008001ae0                ADC4_IRQHandler
                0x0000000008001ae0                WWDG_IRQHandler
                0x0000000008001ae0                TIM2_IRQHandler
                0x0000000008001ae0                COMP7_IRQHandler
                0x0000000008001ae0                COMP1_2_3_IRQHandler
                0x0000000008001ae0                EXTI1_IRQHandler
                0x0000000008001ae0                USART2_IRQHandler
                0x0000000008001ae0                COMP4_5_6_IRQHandler
                0x0000000008001ae0                TIM20_BRK_IRQHandler
                0x0000000008001ae0                I2C2_ER_IRQHandler
                0x0000000008001ae0                DMA1_Channel2_IRQHandler
                0x0000000008001ae0                TIM8_BRK_IRQHandler
                0x0000000008001ae0                FLASH_IRQHandler
                0x0000000008001ae0                TIM20_CC_IRQHandler
                0x0000000008001ae0                USART1_IRQHandler
                0x0000000008001ae0                SPI3_IRQHandler
                0x0000000008001ae0                I2C1_ER_IRQHandler
                0x0000000008001ae0                FMC_IRQHandler
                0x0000000008001ae0                USBWakeUp_IRQHandler
                0x0000000008001ae0                DMA2_Channel3_IRQHandler
                0x0000000008001ae0                EXTI2_TSC_IRQHandler
                0x0000000008001ae0                TIM1_BRK_TIM15_IRQHandler
 *fill*         0x0000000008001ae2        0x2 
 .text.HAL_Init
                0x0000000008001ae4       0x24 CMakeFiles/RTOS.elf.dir/Drivers/STM32F3xx_HAL_Driver/Src/stm32f3xx_hal.c.obj
                0x0000000008001ae4                HAL_Init
 .text.HAL_IncTick
                0x0000000008001b08       0x18 CMakeFiles/RTOS.elf.dir/Drivers/STM32F3xx_HAL_Driver/Src/stm32f3xx_hal.c.obj
                0x0000000008001b08                HAL_IncTick
 .text.HAL_GetTick
                0x0000000008001b20        0xc CMakeFiles/RTOS.elf.dir/Drivers/STM32F3xx_HAL_Driver/Src/stm32f3xx_hal.c.obj
                0x0000000008001b20                HAL_GetTick
 .text.HAL_NVIC_SetPriorityGrouping
                0x0000000008001b2c       0x24 CMakeFiles/RTOS.elf.dir/Drivers/STM32F3xx_HAL_Driver/Src/stm32f3xx_hal_cortex.c.obj
                0x0000000008001b2c                HAL_NVIC_SetPriorityGrouping
 .text.HAL_NVIC_SetPriority
                0x0000000008001b50       0x70 CMakeFiles/RTOS.elf.dir/Drivers/STM32F3xx_HAL_Driver/Src/stm32f3xx_hal_cortex.c.obj
                0x0000000008001b50                HAL_NVIC_SetPriority
 .text.HAL_NVIC_EnableIRQ
                0x0000000008001bc0       0x1c CMakeFiles/RTOS.elf.dir/Drivers/STM32F3xx_HAL_Driver/Src/stm32f3xx_hal_cortex.c.obj
                0x0000000008001bc0                HAL_NVIC_EnableIRQ
 .text.HAL_GPIO_Init
                0x0000000008001bdc      0x1e0 CMakeFiles/RTOS.elf.dir/Drivers/STM32F3xx_HAL_Driver/Src/stm32f3xx_hal_gpio.c.obj
                0x0000000008001bdc                HAL_GPIO_Init
 .text.HAL_GPIO_WritePin
                0x0000000008001dbc        0xa CMakeFiles/RTOS.elf.dir/Drivers/STM32F3xx_HAL_Driver/Src/stm32f3xx_hal_gpio.c.obj
                0x0000000008001dbc                HAL_GPIO_WritePin
 .text.HAL_GPIO_TogglePin
                0x0000000008001dc6       0x12 CMakeFiles/RTOS.elf.dir/Drivers/STM32F3xx_HAL_Driver/Src/stm32f3xx_hal_gpio.c.obj
                0x0000000008001dc6                HAL_GPIO_TogglePin
 .text.I2C_Flush_TXDR
                0x0000000008001dd8       0x22 CMakeFiles/RTOS.elf.dir/Drivers/STM32F3xx_HAL_Driver/Src/stm32f3xx_hal_i2c.c.obj
 .text.I2C_TransferConfig
                0x0000000008001dfa       0x3c CMakeFiles/RTOS.elf.dir/Drivers/STM32F3xx_HAL_Driver/Src/stm32f3xx_hal_i2c.c.obj
 .text.I2C_IsErrorOccurred
                0x0000000008001e36      0x114 CMakeFiles/RTOS.elf.dir/Drivers/STM32F3xx_HAL_Driver/Src/stm32f3xx_hal_i2c.c.obj
 .text.I2C_WaitOnTXISFlagUntilTimeout
                0x0000000008001f4a       0x60 CMakeFiles/RTOS.elf.dir/Drivers/STM32F3xx_HAL_Driver/Src/stm32f3xx_hal_i2c.c.obj
 .text.I2C_WaitOnFlagUntilTimeout
                0x0000000008001faa       0x6e CMakeFiles/RTOS.elf.dir/Drivers/STM32F3xx_HAL_Driver/Src/stm32f3xx_hal_i2c.c.obj
 .text.I2C_RequestMemoryRead
                0x0000000008002018       0x78 CMakeFiles/RTOS.elf.dir/Drivers/STM32F3xx_HAL_Driver/Src/stm32f3xx_hal_i2c.c.obj
 .text.I2C_WaitOnSTOPFlagUntilTimeout
                0x0000000008002090       0x5e CMakeFiles/RTOS.elf.dir/Drivers/STM32F3xx_HAL_Driver/Src/stm32f3xx_hal_i2c.c.obj
 .text.HAL_I2C_Init
                0x00000000080020ee       0xbc CMakeFiles/RTOS.elf.dir/Drivers/STM32F3xx_HAL_Driver/Src/stm32f3xx_hal_i2c.c.obj
                0x00000000080020ee                HAL_I2C_Init
 *fill*         0x00000000080021aa        0x2 
 .text.HAL_I2C_Mem_Read
                0x00000000080021ac      0x1b0 CMakeFiles/RTOS.elf.dir/Drivers/STM32F3xx_HAL_Driver/Src/stm32f3xx_hal_i2c.c.obj
                0x00000000080021ac                HAL_I2C_Mem_Read
 .text.HAL_I2CEx_ConfigAnalogFilter
                0x000000000800235c       0x5c CMakeFiles/RTOS.elf.dir/Drivers/STM32F3xx_HAL_Driver/Src/stm32f3xx_hal_i2c_ex.c.obj
                0x000000000800235c                HAL_I2CEx_ConfigAnalogFilter
 .text.HAL_I2CEx_ConfigDigitalFilter
                0x00000000080023b8       0x58 CMakeFiles/RTOS.elf.dir/Drivers/STM32F3xx_HAL_Driver/Src/stm32f3xx_hal_i2c_ex.c.obj
                0x00000000080023b8                HAL_I2CEx_ConfigDigitalFilter
 .text.HAL_RCC_OscConfig
                0x0000000008002410      0x648 CMakeFiles/RTOS.elf.dir/Drivers/STM32F3xx_HAL_Driver/Src/stm32f3xx_hal_rcc.c.obj
                0x0000000008002410                HAL_RCC_OscConfig
 .text.HAL_RCC_GetSysClockFreq
                0x0000000008002a58       0x70 CMakeFiles/RTOS.elf.dir/Drivers/STM32F3xx_HAL_Driver/Src/stm32f3xx_hal_rcc.c.obj
                0x0000000008002a58                HAL_RCC_GetSysClockFreq
 .text.HAL_RCC_ClockConfig
                0x0000000008002ac8      0x1a8 CMakeFiles/RTOS.elf.dir/Drivers/STM32F3xx_HAL_Driver/Src/stm32f3xx_hal_rcc.c.obj
                0x0000000008002ac8                HAL_RCC_ClockConfig
 .text.HAL_RCC_GetHCLKFreq
                0x0000000008002c70        0xc CMakeFiles/RTOS.elf.dir/Drivers/STM32F3xx_HAL_Driver/Src/stm32f3xx_hal_rcc.c.obj
                0x0000000008002c70                HAL_RCC_GetHCLKFreq
 .text.HAL_RCC_GetPCLK1Freq
                0x0000000008002c7c       0x2c CMakeFiles/RTOS.elf.dir/Drivers/STM32F3xx_HAL_Driver/Src/stm32f3xx_hal_rcc.c.obj
                0x0000000008002c7c                HAL_RCC_GetPCLK1Freq
 .text.HAL_RCC_GetPCLK2Freq
                0x0000000008002ca8       0x2c CMakeFiles/RTOS.elf.dir/Drivers/STM32F3xx_HAL_Driver/Src/stm32f3xx_hal_rcc.c.obj
                0x0000000008002ca8                HAL_RCC_GetPCLK2Freq
 .text.HAL_RCC_GetClockConfig
                0x0000000008002cd4       0x3c CMakeFiles/RTOS.elf.dir/Drivers/STM32F3xx_HAL_Driver/Src/stm32f3xx_hal_rcc.c.obj
                0x0000000008002cd4                HAL_RCC_GetClockConfig
 .text.HAL_RCCEx_PeriphCLKConfig
                0x0000000008002d10      0x300 CMakeFiles/RTOS.elf.dir/Drivers/STM32F3xx_HAL_Driver/Src/stm32f3xx_hal_rcc_ex.c.obj
                0x0000000008002d10                HAL_RCCEx_PeriphCLKConfig
 .text.HAL_TIM_Base_MspInit
                0x0000000008003010        0x2 CMakeFiles/RTOS.elf.dir/Drivers/STM32F3xx_HAL_Driver/Src/stm32f3xx_hal_tim.c.obj
                0x0000000008003010                HAL_TIM_Base_MspInit
 *fill*         0x0000000008003012        0x2 
 .text.HAL_TIM_Base_Start_IT
                0x0000000008003014       0x8c CMakeFiles/RTOS.elf.dir/Drivers/STM32F3xx_HAL_Driver/Src/stm32f3xx_hal_tim.c.obj
                0x0000000008003014                HAL_TIM_Base_Start_IT
 .text.HAL_TIM_OC_DelayElapsedCallback
                0x00000000080030a0        0x2 CMakeFiles/RTOS.elf.dir/Drivers/STM32F3xx_HAL_Driver/Src/stm32f3xx_hal_tim.c.obj
                0x00000000080030a0                HAL_TIM_OC_DelayElapsedCallback
 .text.HAL_TIM_IC_CaptureCallback
                0x00000000080030a2        0x2 CMakeFiles/RTOS.elf.dir/Drivers/STM32F3xx_HAL_Driver/Src/stm32f3xx_hal_tim.c.obj
                0x00000000080030a2                HAL_TIM_IC_CaptureCallback
 .text.HAL_TIM_PWM_PulseFinishedCallback
                0x00000000080030a4        0x2 CMakeFiles/RTOS.elf.dir/Drivers/STM32F3xx_HAL_Driver/Src/stm32f3xx_hal_tim.c.obj
                0x00000000080030a4                HAL_TIM_PWM_PulseFinishedCallback
 .text.HAL_TIM_TriggerCallback
                0x00000000080030a6        0x2 CMakeFiles/RTOS.elf.dir/Drivers/STM32F3xx_HAL_Driver/Src/stm32f3xx_hal_tim.c.obj
                0x00000000080030a6                HAL_TIM_TriggerCallback
 .text.HAL_TIM_IRQHandler
                0x00000000080030a8      0x19a CMakeFiles/RTOS.elf.dir/Drivers/STM32F3xx_HAL_Driver/Src/stm32f3xx_hal_tim.c.obj
                0x00000000080030a8                HAL_TIM_IRQHandler
 *fill*         0x0000000008003242        0x2 
 .text.TIM_Base_SetConfig
                0x0000000008003244       0xd0 CMakeFiles/RTOS.elf.dir/Drivers/STM32F3xx_HAL_Driver/Src/stm32f3xx_hal_tim.c.obj
                0x0000000008003244                TIM_Base_SetConfig
 .text.HAL_TIM_Base_Init
                0x0000000008003314       0x60 CMakeFiles/RTOS.elf.dir/Drivers/STM32F3xx_HAL_Driver/Src/stm32f3xx_hal_tim.c.obj
                0x0000000008003314                HAL_TIM_Base_Init
 .text.HAL_TIMEx_CommutCallback
                0x0000000008003374        0x2 CMakeFiles/RTOS.elf.dir/Drivers/STM32F3xx_HAL_Driver/Src/stm32f3xx_hal_tim_ex.c.obj
                0x0000000008003374                HAL_TIMEx_CommutCallback
 .text.HAL_TIMEx_BreakCallback
                0x0000000008003376        0x2 CMakeFiles/RTOS.elf.dir/Drivers/STM32F3xx_HAL_Driver/Src/stm32f3xx_hal_tim_ex.c.obj
                0x0000000008003376                HAL_TIMEx_BreakCallback
 .text.HAL_TIMEx_Break2Callback
                0x0000000008003378        0x2 CMakeFiles/RTOS.elf.dir/Drivers/STM32F3xx_HAL_Driver/Src/stm32f3xx_hal_tim_ex.c.obj
                0x0000000008003378                HAL_TIMEx_Break2Callback
 .text.UART_EndRxTransfer
                0x000000000800337a       0x52 CMakeFiles/RTOS.elf.dir/Drivers/STM32F3xx_HAL_Driver/Src/stm32f3xx_hal_uart.c.obj
 .text.UART_SetConfig
                0x00000000080033cc      0x250 CMakeFiles/RTOS.elf.dir/Drivers/STM32F3xx_HAL_Driver/Src/stm32f3xx_hal_uart.c.obj
                0x00000000080033cc                UART_SetConfig
 .text.UART_AdvFeatureConfig
                0x000000000800361c       0xca CMakeFiles/RTOS.elf.dir/Drivers/STM32F3xx_HAL_Driver/Src/stm32f3xx_hal_uart.c.obj
                0x000000000800361c                UART_AdvFeatureConfig
 .text.UART_WaitOnFlagUntilTimeout
                0x00000000080036e6       0x9a CMakeFiles/RTOS.elf.dir/Drivers/STM32F3xx_HAL_Driver/Src/stm32f3xx_hal_uart.c.obj
                0x00000000080036e6                UART_WaitOnFlagUntilTimeout
 .text.HAL_UART_Transmit
                0x0000000008003780       0xc8 CMakeFiles/RTOS.elf.dir/Drivers/STM32F3xx_HAL_Driver/Src/stm32f3xx_hal_uart.c.obj
                0x0000000008003780                HAL_UART_Transmit
 .text.UART_CheckIdleState
                0x0000000008003848       0xc6 CMakeFiles/RTOS.elf.dir/Drivers/STM32F3xx_HAL_Driver/Src/stm32f3xx_hal_uart.c.obj
                0x0000000008003848                UART_CheckIdleState
 .text.HAL_UART_Init
                0x000000000800390e       0x62 CMakeFiles/RTOS.elf.dir/Drivers/STM32F3xx_HAL_Driver/Src/stm32f3xx_hal_uart.c.obj
                0x000000000800390e                HAL_UART_Init
 .text.TimerCallback
                0x0000000008003970       0x10 CMakeFiles/RTOS.elf.dir/Middlewares/Third_Party/FreeRTOS/Source/CMSIS_RTOS_V2/cmsis_os2.c.obj
 .text.osKernelInitialize
                0x0000000008003980       0x44 CMakeFiles/RTOS.elf.dir/Middlewares/Third_Party/FreeRTOS/Source/CMSIS_RTOS_V2/cmsis_os2.c.obj
                0x0000000008003980                osKernelInitialize
 .text.osKernelStart
                0x00000000080039c4       0x4c CMakeFiles/RTOS.elf.dir/Middlewares/Third_Party/FreeRTOS/Source/CMSIS_RTOS_V2/cmsis_os2.c.obj
                0x00000000080039c4                osKernelStart
 .text.osThreadNew
                0x0000000008003a10       0xf0 CMakeFiles/RTOS.elf.dir/Middlewares/Third_Party/FreeRTOS/Source/CMSIS_RTOS_V2/cmsis_os2.c.obj
                0x0000000008003a10                osThreadNew
 .text.osDelay  0x0000000008003b00       0x44 CMakeFiles/RTOS.elf.dir/Middlewares/Third_Party/FreeRTOS/Source/CMSIS_RTOS_V2/cmsis_os2.c.obj
                0x0000000008003b00                osDelay
 .text.osTimerNew
                0x0000000008003b44       0xbc CMakeFiles/RTOS.elf.dir/Middlewares/Third_Party/FreeRTOS/Source/CMSIS_RTOS_V2/cmsis_os2.c.obj
                0x0000000008003b44                osTimerNew
 .text.osEventFlagsNew
                0x0000000008003c00       0x68 CMakeFiles/RTOS.elf.dir/Middlewares/Third_Party/FreeRTOS/Source/CMSIS_RTOS_V2/cmsis_os2.c.obj
                0x0000000008003c00                osEventFlagsNew
 .text.osEventFlagsSet
                0x0000000008003c68       0x7c CMakeFiles/RTOS.elf.dir/Middlewares/Third_Party/FreeRTOS/Source/CMSIS_RTOS_V2/cmsis_os2.c.obj
                0x0000000008003c68                osEventFlagsSet
 .text.osEventFlagsWait
                0x0000000008003ce4       0x9c CMakeFiles/RTOS.elf.dir/Middlewares/Third_Party/FreeRTOS/Source/CMSIS_RTOS_V2/cmsis_os2.c.obj
                0x0000000008003ce4                osEventFlagsWait
 .text.osMutexNew
                0x0000000008003d80       0xbc CMakeFiles/RTOS.elf.dir/Middlewares/Third_Party/FreeRTOS/Source/CMSIS_RTOS_V2/cmsis_os2.c.obj
                0x0000000008003d80                osMutexNew
 .text.osMutexAcquire
                0x0000000008003e3c       0x84 CMakeFiles/RTOS.elf.dir/Middlewares/Third_Party/FreeRTOS/Source/CMSIS_RTOS_V2/cmsis_os2.c.obj
                0x0000000008003e3c                osMutexAcquire
 .text.osMutexRelease
                0x0000000008003ec0       0x74 CMakeFiles/RTOS.elf.dir/Middlewares/Third_Party/FreeRTOS/Source/CMSIS_RTOS_V2/cmsis_os2.c.obj
                0x0000000008003ec0                osMutexRelease
 .text.vApplicationGetIdleTaskMemory
                0x0000000008003f34       0x18 CMakeFiles/RTOS.elf.dir/Middlewares/Third_Party/FreeRTOS/Source/CMSIS_RTOS_V2/cmsis_os2.c.obj
                0x0000000008003f34                vApplicationGetIdleTaskMemory
 .text.vApplicationGetTimerTaskMemory
                0x0000000008003f4c       0x18 CMakeFiles/RTOS.elf.dir/Middlewares/Third_Party/FreeRTOS/Source/CMSIS_RTOS_V2/cmsis_os2.c.obj
                0x0000000008003f4c                vApplicationGetTimerTaskMemory
 .text.prvTestWaitCondition
                0x0000000008003f64       0x1c CMakeFiles/RTOS.elf.dir/Middlewares/Third_Party/FreeRTOS/Source/event_groups.c.obj
 .text.xEventGroupCreateStatic
                0x0000000008003f80       0x4a CMakeFiles/RTOS.elf.dir/Middlewares/Third_Party/FreeRTOS/Source/event_groups.c.obj
                0x0000000008003f80                xEventGroupCreateStatic
 .text.xEventGroupCreate
                0x0000000008003fca       0x1c CMakeFiles/RTOS.elf.dir/Middlewares/Third_Party/FreeRTOS/Source/event_groups.c.obj
                0x0000000008003fca                xEventGroupCreate
 .text.xEventGroupWaitBits
                0x0000000008003fe6      0x108 CMakeFiles/RTOS.elf.dir/Middlewares/Third_Party/FreeRTOS/Source/event_groups.c.obj
                0x0000000008003fe6                xEventGroupWaitBits
 .text.xEventGroupSetBits
                0x00000000080040ee       0x8c CMakeFiles/RTOS.elf.dir/Middlewares/Third_Party/FreeRTOS/Source/event_groups.c.obj
                0x00000000080040ee                xEventGroupSetBits
 .text.vEventGroupSetBitsCallback
                0x000000000800417a        0x8 CMakeFiles/RTOS.elf.dir/Middlewares/Third_Party/FreeRTOS/Source/event_groups.c.obj
                0x000000000800417a                vEventGroupSetBitsCallback
 *fill*         0x0000000008004182        0x2 
 .text.xEventGroupSetBitsFromISR
                0x0000000008004184       0x14 CMakeFiles/RTOS.elf.dir/Middlewares/Third_Party/FreeRTOS/Source/event_groups.c.obj
                0x0000000008004184                xEventGroupSetBitsFromISR
 .text.vListInitialise
                0x0000000008004198       0x16 CMakeFiles/RTOS.elf.dir/Middlewares/Third_Party/FreeRTOS/Source/list.c.obj
                0x0000000008004198                vListInitialise
 .text.vListInitialiseItem
                0x00000000080041ae        0x6 CMakeFiles/RTOS.elf.dir/Middlewares/Third_Party/FreeRTOS/Source/list.c.obj
                0x00000000080041ae                vListInitialiseItem
 .text.vListInsertEnd
                0x00000000080041b4       0x16 CMakeFiles/RTOS.elf.dir/Middlewares/Third_Party/FreeRTOS/Source/list.c.obj
                0x00000000080041b4                vListInsertEnd
 .text.vListInsert
                0x00000000080041ca       0x32 CMakeFiles/RTOS.elf.dir/Middlewares/Third_Party/FreeRTOS/Source/list.c.obj
                0x00000000080041ca                vListInsert
 .text.uxListRemove
                0x00000000080041fc       0x26 CMakeFiles/RTOS.elf.dir/Middlewares/Third_Party/FreeRTOS/Source/list.c.obj
                0x00000000080041fc                uxListRemove
 *fill*         0x0000000008004222        0x2 
 .text.prvTaskExitError
                0x0000000008004224       0x40 CMakeFiles/RTOS.elf.dir/Middlewares/Third_Party/FreeRTOS/Source/portable/GCC/ARM_CM4F/port.c.obj
 .text.prvPortStartFirstTask
                0x0000000008004264       0x28 CMakeFiles/RTOS.elf.dir/Middlewares/Third_Party/FreeRTOS/Source/portable/GCC/ARM_CM4F/port.c.obj
 .text.vPortEnableVFP
                0x000000000800428c       0x14 CMakeFiles/RTOS.elf.dir/Middlewares/Third_Party/FreeRTOS/Source/portable/GCC/ARM_CM4F/port.c.obj
 .text.pxPortInitialiseStack
                0x00000000080042a0       0x2c CMakeFiles/RTOS.elf.dir/Middlewares/Third_Party/FreeRTOS/Source/portable/GCC/ARM_CM4F/port.c.obj
                0x00000000080042a0                pxPortInitialiseStack
 *fill*         0x00000000080042cc        0x4 
 .text.SVC_Handler
                0x00000000080042d0       0x24 CMakeFiles/RTOS.elf.dir/Middlewares/Third_Party/FreeRTOS/Source/portable/GCC/ARM_CM4F/port.c.obj
                0x00000000080042d0                SVC_Handler
 .text.vPortEnterCritical
                0x00000000080042f4       0x44 CMakeFiles/RTOS.elf.dir/Middlewares/Third_Party/FreeRTOS/Source/portable/GCC/ARM_CM4F/port.c.obj
                0x00000000080042f4                vPortEnterCritical
 .text.vPortExitCritical
                0x0000000008004338       0x2c CMakeFiles/RTOS.elf.dir/Middlewares/Third_Party/FreeRTOS/Source/portable/GCC/ARM_CM4F/port.c.obj
                0x0000000008004338                vPortExitCritical
 *fill*         0x0000000008004364        0xc 
 .text.PendSV_Handler
                0x0000000008004370       0x64 CMakeFiles/RTOS.elf.dir/Middlewares/Third_Party/FreeRTOS/Source/portable/GCC/ARM_CM4F/port.c.obj
                0x0000000008004370                PendSV_Handler
 .text.SysTick_Handler
                0x00000000080043d4       0x2c CMakeFiles/RTOS.elf.dir/Middlewares/Third_Party/FreeRTOS/Source/portable/GCC/ARM_CM4F/port.c.obj
                0x00000000080043d4                SysTick_Handler
 .text.vPortSetupTimerInterrupt
                0x0000000008004400       0x28 CMakeFiles/RTOS.elf.dir/Middlewares/Third_Party/FreeRTOS/Source/portable/GCC/ARM_CM4F/port.c.obj
                0x0000000008004400                vPortSetupTimerInterrupt
 .text.xPortStartScheduler
                0x0000000008004428      0x118 CMakeFiles/RTOS.elf.dir/Middlewares/Third_Party/FreeRTOS/Source/portable/GCC/ARM_CM4F/port.c.obj
                0x0000000008004428                xPortStartScheduler
 .text.vPortValidateInterruptPriority
                0x0000000008004540       0x5c CMakeFiles/RTOS.elf.dir/Middlewares/Third_Party/FreeRTOS/Source/portable/GCC/ARM_CM4F/port.c.obj
                0x0000000008004540                vPortValidateInterruptPriority
 .text.pvPortMalloc
                0x000000000800459c       0x18 CMakeFiles/RTOS.elf.dir/Middlewares/Third_Party/FreeRTOS/Source/portable/MemMang/heap_3.c.obj
                0x000000000800459c                pvPortMalloc
 .text.vPortFree
                0x00000000080045b4       0x18 CMakeFiles/RTOS.elf.dir/Middlewares/Third_Party/FreeRTOS/Source/portable/MemMang/heap_3.c.obj
                0x00000000080045b4                vPortFree
 .text.prvGetDisinheritPriorityAfterTimeout
                0x00000000080045cc       0x10 CMakeFiles/RTOS.elf.dir/Middlewares/Third_Party/FreeRTOS/Source/queue.c.obj
 .text.prvIsQueueFull
                0x00000000080045dc       0x1e CMakeFiles/RTOS.elf.dir/Middlewares/Third_Party/FreeRTOS/Source/queue.c.obj
 .text.prvIsQueueEmpty
                0x00000000080045fa       0x1a CMakeFiles/RTOS.elf.dir/Middlewares/Third_Party/FreeRTOS/Source/queue.c.obj
 .text.prvCopyDataToQueue
                0x0000000008004614       0x76 CMakeFiles/RTOS.elf.dir/Middlewares/Third_Party/FreeRTOS/Source/queue.c.obj
 .text.prvCopyDataFromQueue
                0x000000000800468a       0x24 CMakeFiles/RTOS.elf.dir/Middlewares/Third_Party/FreeRTOS/Source/queue.c.obj
 .text.prvUnlockQueue
                0x00000000080046ae       0x6e CMakeFiles/RTOS.elf.dir/Middlewares/Third_Party/FreeRTOS/Source/queue.c.obj
 .text.xQueueGenericReset
                0x000000000800471c       0x84 CMakeFiles/RTOS.elf.dir/Middlewares/Third_Party/FreeRTOS/Source/queue.c.obj
                0x000000000800471c                xQueueGenericReset
 .text.prvInitialiseNewQueue
                0x00000000080047a0       0x22 CMakeFiles/RTOS.elf.dir/Middlewares/Third_Party/FreeRTOS/Source/queue.c.obj
 .text.xQueueGenericCreateStatic
                0x00000000080047c2       0x92 CMakeFiles/RTOS.elf.dir/Middlewares/Third_Party/FreeRTOS/Source/queue.c.obj
                0x00000000080047c2                xQueueGenericCreateStatic
 .text.xQueueGenericCreate
                0x0000000008004854       0x4e CMakeFiles/RTOS.elf.dir/Middlewares/Third_Party/FreeRTOS/Source/queue.c.obj
                0x0000000008004854                xQueueGenericCreate
 .text.xQueueGenericSend
                0x00000000080048a2      0x188 CMakeFiles/RTOS.elf.dir/Middlewares/Third_Party/FreeRTOS/Source/queue.c.obj
                0x00000000080048a2                xQueueGenericSend
 .text.prvInitialiseMutex
                0x0000000008004a2a       0x18 CMakeFiles/RTOS.elf.dir/Middlewares/Third_Party/FreeRTOS/Source/queue.c.obj
 .text.xQueueCreateMutex
                0x0000000008004a42       0x16 CMakeFiles/RTOS.elf.dir/Middlewares/Third_Party/FreeRTOS/Source/queue.c.obj
                0x0000000008004a42                xQueueCreateMutex
 .text.xQueueCreateMutexStatic
                0x0000000008004a58       0x1e CMakeFiles/RTOS.elf.dir/Middlewares/Third_Party/FreeRTOS/Source/queue.c.obj
                0x0000000008004a58                xQueueCreateMutexStatic
 .text.xQueueGiveMutexRecursive
                0x0000000008004a76       0x40 CMakeFiles/RTOS.elf.dir/Middlewares/Third_Party/FreeRTOS/Source/queue.c.obj
                0x0000000008004a76                xQueueGiveMutexRecursive
 .text.xQueueGenericSendFromISR
                0x0000000008004ab6       0xcc CMakeFiles/RTOS.elf.dir/Middlewares/Third_Party/FreeRTOS/Source/queue.c.obj
                0x0000000008004ab6                xQueueGenericSendFromISR
 .text.xQueueReceive
                0x0000000008004b82      0x15e CMakeFiles/RTOS.elf.dir/Middlewares/Third_Party/FreeRTOS/Source/queue.c.obj
                0x0000000008004b82                xQueueReceive
 .text.xQueueSemaphoreTake
                0x0000000008004ce0      0x1a6 CMakeFiles/RTOS.elf.dir/Middlewares/Third_Party/FreeRTOS/Source/queue.c.obj
                0x0000000008004ce0                xQueueSemaphoreTake
 .text.xQueueTakeMutexRecursive
                0x0000000008004e86       0x40 CMakeFiles/RTOS.elf.dir/Middlewares/Third_Party/FreeRTOS/Source/queue.c.obj
                0x0000000008004e86                xQueueTakeMutexRecursive
 *fill*         0x0000000008004ec6        0x2 
 .text.vQueueAddToRegistry
                0x0000000008004ec8       0x28 CMakeFiles/RTOS.elf.dir/Middlewares/Third_Party/FreeRTOS/Source/queue.c.obj
                0x0000000008004ec8                vQueueAddToRegistry
 .text.vQueueWaitForMessageRestricted
                0x0000000008004ef0       0x52 CMakeFiles/RTOS.elf.dir/Middlewares/Third_Party/FreeRTOS/Source/queue.c.obj
                0x0000000008004ef0                vQueueWaitForMessageRestricted
 *fill*         0x0000000008004f42        0x2 
 .text.prvResetNextTaskUnblockTime
                0x0000000008004f44       0x2c CMakeFiles/RTOS.elf.dir/Middlewares/Third_Party/FreeRTOS/Source/tasks.c.obj
 .text.prvInitialiseNewTask
                0x0000000008004f70       0xfa CMakeFiles/RTOS.elf.dir/Middlewares/Third_Party/FreeRTOS/Source/tasks.c.obj
 *fill*         0x000000000800506a        0x2 
 .text.prvInitialiseTaskLists
                0x000000000800506c       0x68 CMakeFiles/RTOS.elf.dir/Middlewares/Third_Party/FreeRTOS/Source/tasks.c.obj
 .text.prvAddNewTaskToReadyList
                0x00000000080050d4       0xac CMakeFiles/RTOS.elf.dir/Middlewares/Third_Party/FreeRTOS/Source/tasks.c.obj
 .text.prvDeleteTCB
                0x0000000008005180       0x40 CMakeFiles/RTOS.elf.dir/Middlewares/Third_Party/FreeRTOS/Source/tasks.c.obj
 .text.prvCheckTasksWaitingTermination
                0x00000000080051c0       0x4c CMakeFiles/RTOS.elf.dir/Middlewares/Third_Party/FreeRTOS/Source/tasks.c.obj
 .text.prvIdleTask
                0x000000000800520c       0x28 CMakeFiles/RTOS.elf.dir/Middlewares/Third_Party/FreeRTOS/Source/tasks.c.obj
 .text.prvAddCurrentTaskToDelayedList
                0x0000000008005234       0x7c CMakeFiles/RTOS.elf.dir/Middlewares/Third_Party/FreeRTOS/Source/tasks.c.obj
 .text.xTaskCreateStatic
                0x00000000080052b0       0x78 CMakeFiles/RTOS.elf.dir/Middlewares/Third_Party/FreeRTOS/Source/tasks.c.obj
                0x00000000080052b0                xTaskCreateStatic
 .text.xTaskCreate
                0x0000000008005328       0x6a CMakeFiles/RTOS.elf.dir/Middlewares/Third_Party/FreeRTOS/Source/tasks.c.obj
                0x0000000008005328                xTaskCreate
 *fill*         0x0000000008005392        0x2 
 .text.vTaskStartScheduler
                0x0000000008005394       0xac CMakeFiles/RTOS.elf.dir/Middlewares/Third_Party/FreeRTOS/Source/tasks.c.obj
                0x0000000008005394                vTaskStartScheduler
 .text.vTaskSuspendAll
                0x0000000008005440       0x10 CMakeFiles/RTOS.elf.dir/Middlewares/Third_Party/FreeRTOS/Source/tasks.c.obj
                0x0000000008005440                vTaskSuspendAll
 .text.xTaskGetTickCount
                0x0000000008005450        0xc CMakeFiles/RTOS.elf.dir/Middlewares/Third_Party/FreeRTOS/Source/tasks.c.obj
                0x0000000008005450                xTaskGetTickCount
 .text.xTaskIncrementTick
                0x000000000800545c      0x118 CMakeFiles/RTOS.elf.dir/Middlewares/Third_Party/FreeRTOS/Source/tasks.c.obj
                0x000000000800545c                xTaskIncrementTick
 .text.xTaskResumeAll
                0x0000000008005574       0xf8 CMakeFiles/RTOS.elf.dir/Middlewares/Third_Party/FreeRTOS/Source/tasks.c.obj
                0x0000000008005574                xTaskResumeAll
 .text.vTaskDelay
                0x000000000800566c       0x4c CMakeFiles/RTOS.elf.dir/Middlewares/Third_Party/FreeRTOS/Source/tasks.c.obj
                0x000000000800566c                vTaskDelay
 .text.vTaskSwitchContext
                0x00000000080056b8       0xa0 CMakeFiles/RTOS.elf.dir/Middlewares/Third_Party/FreeRTOS/Source/tasks.c.obj
                0x00000000080056b8                vTaskSwitchContext
 .text.vTaskPlaceOnEventList
                0x0000000008005758       0x30 CMakeFiles/RTOS.elf.dir/Middlewares/Third_Party/FreeRTOS/Source/tasks.c.obj
                0x0000000008005758                vTaskPlaceOnEventList
 .text.vTaskPlaceOnUnorderedEventList
                0x0000000008005788       0x58 CMakeFiles/RTOS.elf.dir/Middlewares/Third_Party/FreeRTOS/Source/tasks.c.obj
                0x0000000008005788                vTaskPlaceOnUnorderedEventList
 .text.vTaskPlaceOnEventListRestricted
                0x00000000080057e0       0x38 CMakeFiles/RTOS.elf.dir/Middlewares/Third_Party/FreeRTOS/Source/tasks.c.obj
                0x00000000080057e0                vTaskPlaceOnEventListRestricted
 .text.xTaskRemoveFromEventList
                0x0000000008005818       0x8c CMakeFiles/RTOS.elf.dir/Middlewares/Third_Party/FreeRTOS/Source/tasks.c.obj
                0x0000000008005818                xTaskRemoveFromEventList
 .text.vTaskRemoveFromUnorderedEventList
                0x00000000080058a4       0x88 CMakeFiles/RTOS.elf.dir/Middlewares/Third_Party/FreeRTOS/Source/tasks.c.obj
                0x00000000080058a4                vTaskRemoveFromUnorderedEventList
 .text.vTaskInternalSetTimeOutState
                0x000000000800592c       0x18 CMakeFiles/RTOS.elf.dir/Middlewares/Third_Party/FreeRTOS/Source/tasks.c.obj
                0x000000000800592c                vTaskInternalSetTimeOutState
 .text.xTaskCheckForTimeOut
                0x0000000008005944       0x84 CMakeFiles/RTOS.elf.dir/Middlewares/Third_Party/FreeRTOS/Source/tasks.c.obj
                0x0000000008005944                xTaskCheckForTimeOut
 .text.vTaskMissedYield
                0x00000000080059c8        0xc CMakeFiles/RTOS.elf.dir/Middlewares/Third_Party/FreeRTOS/Source/tasks.c.obj
                0x00000000080059c8                vTaskMissedYield
 .text.xTaskGetCurrentTaskHandle
                0x00000000080059d4        0xc CMakeFiles/RTOS.elf.dir/Middlewares/Third_Party/FreeRTOS/Source/tasks.c.obj
                0x00000000080059d4                xTaskGetCurrentTaskHandle
 .text.xTaskGetSchedulerState
                0x00000000080059e0       0x20 CMakeFiles/RTOS.elf.dir/Middlewares/Third_Party/FreeRTOS/Source/tasks.c.obj
                0x00000000080059e0                xTaskGetSchedulerState
 .text.xTaskPriorityInherit
                0x0000000008005a00       0x98 CMakeFiles/RTOS.elf.dir/Middlewares/Third_Party/FreeRTOS/Source/tasks.c.obj
                0x0000000008005a00                xTaskPriorityInherit
 .text.xTaskPriorityDisinherit
                0x0000000008005a98       0x90 CMakeFiles/RTOS.elf.dir/Middlewares/Third_Party/FreeRTOS/Source/tasks.c.obj
                0x0000000008005a98                xTaskPriorityDisinherit
 .text.vTaskPriorityDisinheritAfterTimeout
                0x0000000008005b28       0xa0 CMakeFiles/RTOS.elf.dir/Middlewares/Third_Party/FreeRTOS/Source/tasks.c.obj
                0x0000000008005b28                vTaskPriorityDisinheritAfterTimeout
 .text.uxTaskResetEventItemValue
                0x0000000008005bc8       0x18 CMakeFiles/RTOS.elf.dir/Middlewares/Third_Party/FreeRTOS/Source/tasks.c.obj
                0x0000000008005bc8                uxTaskResetEventItemValue
 .text.pvTaskIncrementMutexHeldCount
                0x0000000008005be0       0x1c CMakeFiles/RTOS.elf.dir/Middlewares/Third_Party/FreeRTOS/Source/tasks.c.obj
                0x0000000008005be0                pvTaskIncrementMutexHeldCount
 .text.prvGetNextExpireTime
                0x0000000008005bfc       0x20 CMakeFiles/RTOS.elf.dir/Middlewares/Third_Party/FreeRTOS/Source/timers.c.obj
 .text.prvInsertTimerInActiveList
                0x0000000008005c1c       0x48 CMakeFiles/RTOS.elf.dir/Middlewares/Third_Party/FreeRTOS/Source/timers.c.obj
 .text.prvCheckForValidListAndQueue
                0x0000000008005c64       0x70 CMakeFiles/RTOS.elf.dir/Middlewares/Third_Party/FreeRTOS/Source/timers.c.obj
 .text.prvInitialiseNewTimer
                0x0000000008005cd4       0x40 CMakeFiles/RTOS.elf.dir/Middlewares/Third_Party/FreeRTOS/Source/timers.c.obj
 .text.xTimerCreateTimerTask
                0x0000000008005d14       0x64 CMakeFiles/RTOS.elf.dir/Middlewares/Third_Party/FreeRTOS/Source/timers.c.obj
                0x0000000008005d14                xTimerCreateTimerTask
 .text.xTimerCreate
                0x0000000008005d78       0x38 CMakeFiles/RTOS.elf.dir/Middlewares/Third_Party/FreeRTOS/Source/timers.c.obj
                0x0000000008005d78                xTimerCreate
 .text.xTimerCreateStatic
                0x0000000008005db0       0x50 CMakeFiles/RTOS.elf.dir/Middlewares/Third_Party/FreeRTOS/Source/timers.c.obj
                0x0000000008005db0                xTimerCreateStatic
 .text.xTimerGenericCommand
                0x0000000008005e00       0x6c CMakeFiles/RTOS.elf.dir/Middlewares/Third_Party/FreeRTOS/Source/timers.c.obj
                0x0000000008005e00                xTimerGenericCommand
 .text.prvSwitchTimerLists
                0x0000000008005e6c       0x78 CMakeFiles/RTOS.elf.dir/Middlewares/Third_Party/FreeRTOS/Source/timers.c.obj
 .text.prvSampleTimeNow
                0x0000000008005ee4       0x2c CMakeFiles/RTOS.elf.dir/Middlewares/Third_Party/FreeRTOS/Source/timers.c.obj
 .text.prvProcessExpiredTimer
                0x0000000008005f10       0x60 CMakeFiles/RTOS.elf.dir/Middlewares/Third_Party/FreeRTOS/Source/timers.c.obj
 .text.prvProcessTimerOrBlockTask
                0x0000000008005f70       0x74 CMakeFiles/RTOS.elf.dir/Middlewares/Third_Party/FreeRTOS/Source/timers.c.obj
 .text.prvProcessReceivedCommands
                0x0000000008005fe4       0xf8 CMakeFiles/RTOS.elf.dir/Middlewares/Third_Party/FreeRTOS/Source/timers.c.obj
 .text.prvTimerTask
                0x00000000080060dc       0x16 CMakeFiles/RTOS.elf.dir/Middlewares/Third_Party/FreeRTOS/Source/timers.c.obj
 .text.pvTimerGetTimerID
                0x00000000080060f2       0x26 CMakeFiles/RTOS.elf.dir/Middlewares/Third_Party/FreeRTOS/Source/timers.c.obj
                0x00000000080060f2                pvTimerGetTimerID
 .text.xTimerPendFunctionCallFromISR
                0x0000000008006118       0x28 CMakeFiles/RTOS.elf.dir/Middlewares/Third_Party/FreeRTOS/Source/timers.c.obj
                0x0000000008006118                xTimerPendFunctionCallFromISR
 .text.__errno  0x0000000008006140        0xc /usr/share/gcc-arm-none-eabi-10.3-2021.10/bin/../lib/gcc/arm-none-eabi/10.3.1/../../../../arm-none-eabi/lib/thumb/v7e-m+fp/hard/libg.a(lib_a-errno.o)
                0x0000000008006140                __errno
 .text.__libc_init_array
                0x000000000800614c       0x48 /usr/share/gcc-arm-none-eabi-10.3-2021.10/bin/../lib/gcc/arm-none-eabi/10.3.1/../../../../arm-none-eabi/lib/thumb/v7e-m+fp/hard/libg.a(lib_a-init.o)
                0x000000000800614c                __libc_init_array
 .text.malloc   0x0000000008006194       0x10 /usr/share/gcc-arm-none-eabi-10.3-2021.10/bin/../lib/gcc/arm-none-eabi/10.3.1/../../../../arm-none-eabi/lib/thumb/v7e-m+fp/hard/libg.a(lib_a-malloc.o)
                0x0000000008006194                malloc
 .text.free     0x00000000080061a4       0x10 /usr/share/gcc-arm-none-eabi-10.3-2021.10/bin/../lib/gcc/arm-none-eabi/10.3.1/../../../../arm-none-eabi/lib/thumb/v7e-m+fp/hard/libg.a(lib_a-malloc.o)
                0x00000000080061a4                free
 .text._malloc_r
                0x00000000080061b4      0x560 /usr/share/gcc-arm-none-eabi-10.3-2021.10/bin/../lib/gcc/arm-none-eabi/10.3.1/../../../../arm-none-eabi/lib/thumb/v7e-m+fp/hard/libg.a(lib_a-mallocr.o)
                0x00000000080061b4                _malloc_r
 .text.memset   0x0000000008006714       0xa4 /usr/share/gcc-arm-none-eabi-10.3-2021.10/bin/../lib/gcc/arm-none-eabi/10.3.1/../../../../arm-none-eabi/lib/thumb/v7e-m+fp/hard/libg.a(lib_a-memset.o)
                0x0000000008006714                memset
 .text.__malloc_lock
                0x00000000080067b8        0xc /usr/share/gcc-arm-none-eabi-10.3-2021.10/bin/../lib/gcc/arm-none-eabi/10.3.1/../../../../arm-none-eabi/lib/thumb/v7e-m+fp/hard/libg.a(lib_a-mlock.o)
                0x00000000080067b8                __malloc_lock
 .text.__malloc_unlock
                0x00000000080067c4        0xc /usr/share/gcc-arm-none-eabi-10.3-2021.10/bin/../lib/gcc/arm-none-eabi/10.3.1/../../../../arm-none-eabi/lib/thumb/v7e-m+fp/hard/libg.a(lib_a-mlock.o)
                0x00000000080067c4                __malloc_unlock
 .text.cleanup_glue
                0x00000000080067d0       0x48 /usr/share/gcc-arm-none-eabi-10.3-2021.10/bin/../lib/gcc/arm-none-eabi/10.3.1/../../../../arm-none-eabi/lib/thumb/v7e-m+fp/hard/libg.a(lib_a-reent.o)
                0x00000000080067d0                cleanup_glue
 .text._reclaim_reent
                0x0000000008006818       0x90 /usr/share/gcc-arm-none-eabi-10.3-2021.10/bin/../lib/gcc/arm-none-eabi/10.3.1/../../../../arm-none-eabi/lib/thumb/v7e-m+fp/hard/libg.a(lib_a-reent.o)
                0x0000000008006818                _reclaim_reent
 .text._sbrk_r  0x00000000080068a8       0x24 /usr/share/gcc-arm-none-eabi-10.3-2021.10/bin/../lib/gcc/arm-none-eabi/10.3.1/../../../../arm-none-eabi/lib/thumb/v7e-m+fp/hard/libg.a(lib_a-sbrkr.o)
                0x00000000080068a8                _sbrk_r
 .text.sprintf  0x00000000080068cc       0x40 /usr/share/gcc-arm-none-eabi-10.3-2021.10/bin/../lib/gcc/arm-none-eabi/10.3.1/../../../../arm-none-eabi/lib/thumb/v7e-m+fp/hard/libg.a(lib_a-sprintf.o)
                0x00000000080068cc                sprintf
 .text.strcat   0x000000000800690c       0x40 /usr/share/gcc-arm-none-eabi-10.3-2021.10/bin/../lib/gcc/arm-none-eabi/10.3.1/../../../../arm-none-eabi/lib/thumb/v7e-m+fp/hard/libg.a(lib_a-strcat.o)
                0x000000000800690c                strcat
 .text.strcpy   0x000000000800694c       0xbc /usr/share/gcc-arm-none-eabi-10.3-2021.10/bin/../lib/gcc/arm-none-eabi/10.3.1/../../../../arm-none-eabi/lib/thumb/v7e-m+fp/hard/libg.a(lib_a-strcpy.o)
                0x000000000800694c                strcpy
 .text._svfprintf_r
                0x0000000008006a08     0x1acc /usr/share/gcc-arm-none-eabi-10.3-2021.10/bin/../lib/gcc/arm-none-eabi/10.3.1/../../../../arm-none-eabi/lib/thumb/v7e-m+fp/hard/libg.a(lib_a-svfprintf.o)
                0x0000000008006a08                _svfprintf_r
 .text.startup.register_fini
                0x00000000080084d4       0x14 /usr/share/gcc-arm-none-eabi-10.3-2021.10/bin/../lib/gcc/arm-none-eabi/10.3.1/../../../../arm-none-eabi/lib/thumb/v7e-m+fp/hard/libg.a(lib_a-__call_atexit.o)
 .text.atexit   0x00000000080084e8        0xc /usr/share/gcc-arm-none-eabi-10.3-2021.10/bin/../lib/gcc/arm-none-eabi/10.3.1/../../../../arm-none-eabi/lib/thumb/v7e-m+fp/hard/libg.a(lib_a-atexit.o)
                0x00000000080084e8                atexit
 .text.quorem   0x00000000080084f4      0x128 /usr/share/gcc-arm-none-eabi-10.3-2021.10/bin/../lib/gcc/arm-none-eabi/10.3.1/../../../../arm-none-eabi/lib/thumb/v7e-m+fp/hard/libg.a(lib_a-dtoa.o)
 *fill*         0x000000000800861c        0x4 
 .text._dtoa_r  0x0000000008008620      0xf3c /usr/share/gcc-arm-none-eabi-10.3-2021.10/bin/../lib/gcc/arm-none-eabi/10.3.1/../../../../arm-none-eabi/lib/thumb/v7e-m+fp/hard/libg.a(lib_a-dtoa.o)
                0x0000000008008620                _dtoa_r
 .text.__libc_fini_array
                0x000000000800955c       0x2c /usr/share/gcc-arm-none-eabi-10.3-2021.10/bin/../lib/gcc/arm-none-eabi/10.3.1/../../../../arm-none-eabi/lib/thumb/v7e-m+fp/hard/libg.a(lib_a-fini.o)
                0x000000000800955c                __libc_fini_array
 .text._malloc_trim_r
                0x0000000008009588       0xa0 /usr/share/gcc-arm-none-eabi-10.3-2021.10/bin/../lib/gcc/arm-none-eabi/10.3.1/../../../../arm-none-eabi/lib/thumb/v7e-m+fp/hard/libg.a(lib_a-freer.o)
                0x0000000008009588                _malloc_trim_r
 .text._free_r  0x0000000008009628      0x20c /usr/share/gcc-arm-none-eabi-10.3-2021.10/bin/../lib/gcc/arm-none-eabi/10.3.1/../../../../arm-none-eabi/lib/thumb/v7e-m+fp/hard/libg.a(lib_a-freer.o)
                0x0000000008009628                _free_r
 .text._localeconv_r
                0x0000000008009834        0x8 /usr/share/gcc-arm-none-eabi-10.3-2021.10/bin/../lib/gcc/arm-none-eabi/10.3.1/../../../../arm-none-eabi/lib/thumb/v7e-m+fp/hard/libg.a(lib_a-localeconv.o)
                0x0000000008009834                _localeconv_r
 .text.__retarget_lock_init_recursive
                0x000000000800983c        0x4 /usr/share/gcc-arm-none-eabi-10.3-2021.10/bin/../lib/gcc/arm-none-eabi/10.3.1/../../../../arm-none-eabi/lib/thumb/v7e-m+fp/hard/libg.a(lib_a-lock.o)
                0x000000000800983c                __retarget_lock_init_recursive
 .text.__retarget_lock_close_recursive
                0x0000000008009840        0x4 /usr/share/gcc-arm-none-eabi-10.3-2021.10/bin/../lib/gcc/arm-none-eabi/10.3.1/../../../../arm-none-eabi/lib/thumb/v7e-m+fp/hard/libg.a(lib_a-lock.o)
                0x0000000008009840                __retarget_lock_close_recursive
 .text.__retarget_lock_acquire_recursive
                0x0000000008009844        0x4 /usr/share/gcc-arm-none-eabi-10.3-2021.10/bin/../lib/gcc/arm-none-eabi/10.3.1/../../../../arm-none-eabi/lib/thumb/v7e-m+fp/hard/libg.a(lib_a-lock.o)
                0x0000000008009844                __retarget_lock_acquire_recursive
 .text.__retarget_lock_release_recursive
                0x0000000008009848        0x4 /usr/share/gcc-arm-none-eabi-10.3-2021.10/bin/../lib/gcc/arm-none-eabi/10.3.1/../../../../arm-none-eabi/lib/thumb/v7e-m+fp/hard/libg.a(lib_a-lock.o)
                0x0000000008009848                __retarget_lock_release_recursive
 .text._Balloc  0x000000000800984c       0x4c /usr/share/gcc-arm-none-eabi-10.3-2021.10/bin/../lib/gcc/arm-none-eabi/10.3.1/../../../../arm-none-eabi/lib/thumb/v7e-m+fp/hard/libg.a(lib_a-mprec.o)
                0x000000000800984c                _Balloc
 .text._Bfree   0x0000000008009898       0x14 /usr/share/gcc-arm-none-eabi-10.3-2021.10/bin/../lib/gcc/arm-none-eabi/10.3.1/../../../../arm-none-eabi/lib/thumb/v7e-m+fp/hard/libg.a(lib_a-mprec.o)
                0x0000000008009898                _Bfree
 .text.__multadd
                0x00000000080098ac       0xa8 /usr/share/gcc-arm-none-eabi-10.3-2021.10/bin/../lib/gcc/arm-none-eabi/10.3.1/../../../../arm-none-eabi/lib/thumb/v7e-m+fp/hard/libg.a(lib_a-mprec.o)
                0x00000000080098ac                __multadd
 .text.__hi0bits
                0x0000000008009954       0x40 /usr/share/gcc-arm-none-eabi-10.3-2021.10/bin/../lib/gcc/arm-none-eabi/10.3.1/../../../../arm-none-eabi/lib/thumb/v7e-m+fp/hard/libg.a(lib_a-mprec.o)
                0x0000000008009954                __hi0bits
 .text.__lo0bits
                0x0000000008009994       0x60 /usr/share/gcc-arm-none-eabi-10.3-2021.10/bin/../lib/gcc/arm-none-eabi/10.3.1/../../../../arm-none-eabi/lib/thumb/v7e-m+fp/hard/libg.a(lib_a-mprec.o)
                0x0000000008009994                __lo0bits
 .text.__i2b    0x00000000080099f4       0x5c /usr/share/gcc-arm-none-eabi-10.3-2021.10/bin/../lib/gcc/arm-none-eabi/10.3.1/../../../../arm-none-eabi/lib/thumb/v7e-m+fp/hard/libg.a(lib_a-mprec.o)
                0x00000000080099f4                __i2b
 .text.__multiply
                0x0000000008009a50      0x15c /usr/share/gcc-arm-none-eabi-10.3-2021.10/bin/../lib/gcc/arm-none-eabi/10.3.1/../../../../arm-none-eabi/lib/thumb/v7e-m+fp/hard/libg.a(lib_a-mprec.o)
                0x0000000008009a50                __multiply
 .text.__pow5mult
                0x0000000008009bac       0xc0 /usr/share/gcc-arm-none-eabi-10.3-2021.10/bin/../lib/gcc/arm-none-eabi/10.3.1/../../../../arm-none-eabi/lib/thumb/v7e-m+fp/hard/libg.a(lib_a-mprec.o)
                0x0000000008009bac                __pow5mult
 .text.__lshift
                0x0000000008009c6c       0xf0 /usr/share/gcc-arm-none-eabi-10.3-2021.10/bin/../lib/gcc/arm-none-eabi/10.3.1/../../../../arm-none-eabi/lib/thumb/v7e-m+fp/hard/libg.a(lib_a-mprec.o)
                0x0000000008009c6c                __lshift
 .text.__mcmp   0x0000000008009d5c       0x44 /usr/share/gcc-arm-none-eabi-10.3-2021.10/bin/../lib/gcc/arm-none-eabi/10.3.1/../../../../arm-none-eabi/lib/thumb/v7e-m+fp/hard/libg.a(lib_a-mprec.o)
                0x0000000008009d5c                __mcmp
 .text.__mdiff  0x0000000008009da0      0x14c /usr/share/gcc-arm-none-eabi-10.3-2021.10/bin/../lib/gcc/arm-none-eabi/10.3.1/../../../../arm-none-eabi/lib/thumb/v7e-m+fp/hard/libg.a(lib_a-mprec.o)
                0x0000000008009da0                __mdiff
 .text.__d2b    0x0000000008009eec       0xd0 /usr/share/gcc-arm-none-eabi-10.3-2021.10/bin/../lib/gcc/arm-none-eabi/10.3.1/../../../../arm-none-eabi/lib/thumb/v7e-m+fp/hard/libg.a(lib_a-mprec.o)
                0x0000000008009eec                __d2b
 .text.frexp    0x0000000008009fbc       0x6c /usr/share/gcc-arm-none-eabi-10.3-2021.10/bin/../lib/gcc/arm-none-eabi/10.3.1/../../../../arm-none-eabi/lib/thumb/v7e-m+fp/hard/libg.a(lib_a-s_frexp.o)
                0x0000000008009fbc                frexp
 .text.strncpy  0x000000000800a028       0x64 /usr/share/gcc-arm-none-eabi-10.3-2021.10/bin/../lib/gcc/arm-none-eabi/10.3.1/../../../../arm-none-eabi/lib/thumb/v7e-m+fp/hard/libg.a(lib_a-strncpy.o)
                0x000000000800a028                strncpy
 .text.__ssprint_r
                0x000000000800a08c       0xf8 /usr/share/gcc-arm-none-eabi-10.3-2021.10/bin/../lib/gcc/arm-none-eabi/10.3.1/../../../../arm-none-eabi/lib/thumb/v7e-m+fp/hard/libg.a(lib_a-svfiprintf.o)
                0x000000000800a08c                __ssprint_r
 .text.__register_exitproc
                0x000000000800a184       0x8c /usr/share/gcc-arm-none-eabi-10.3-2021.10/bin/../lib/gcc/arm-none-eabi/10.3.1/../../../../arm-none-eabi/lib/thumb/v7e-m+fp/hard/libg.a(lib_a-__atexit.o)
                0x000000000800a184                __register_exitproc
 .text.__assert_func
                0x000000000800a210       0x40 /usr/share/gcc-arm-none-eabi-10.3-2021.10/bin/../lib/gcc/arm-none-eabi/10.3.1/../../../../arm-none-eabi/lib/thumb/v7e-m+fp/hard/libg.a(lib_a-assert.o)
                0x000000000800a210                __assert_func
 .text._calloc_r
                0x000000000800a250       0x78 /usr/share/gcc-arm-none-eabi-10.3-2021.10/bin/../lib/gcc/arm-none-eabi/10.3.1/../../../../arm-none-eabi/lib/thumb/v7e-m+fp/hard/libg.a(lib_a-callocr.o)
                0x000000000800a250                _calloc_r
 .text.fiprintf
                0x000000000800a2c8       0x28 /usr/share/gcc-arm-none-eabi-10.3-2021.10/bin/../lib/gcc/arm-none-eabi/10.3.1/../../../../arm-none-eabi/lib/thumb/v7e-m+fp/hard/libg.a(lib_a-fiprintf.o)
                0x000000000800a2c8                fiprintf
 .text.__locale_mb_cur_max
                0x000000000800a2f0        0xc /usr/share/gcc-arm-none-eabi-10.3-2021.10/bin/../lib/gcc/arm-none-eabi/10.3.1/../../../../arm-none-eabi/lib/thumb/v7e-m+fp/hard/libg.a(lib_a-locale.o)
                0x000000000800a2f0                __locale_mb_cur_max
 .text.__ascii_mbtowc
                0x000000000800a2fc       0x2c /usr/share/gcc-arm-none-eabi-10.3-2021.10/bin/../lib/gcc/arm-none-eabi/10.3.1/../../../../arm-none-eabi/lib/thumb/v7e-m+fp/hard/libg.a(lib_a-mbtowc_r.o)
                0x000000000800a2fc                __ascii_mbtowc
 .text.memmove  0x000000000800a328       0xf8 /usr/share/gcc-arm-none-eabi-10.3-2021.10/bin/../lib/gcc/arm-none-eabi/10.3.1/../../../../arm-none-eabi/lib/thumb/v7e-m+fp/hard/libg.a(lib_a-memmove.o)
                0x000000000800a328                memmove
 .text._realloc_r
                0x000000000800a420      0x3d8 /usr/share/gcc-arm-none-eabi-10.3-2021.10/bin/../lib/gcc/arm-none-eabi/10.3.1/../../../../arm-none-eabi/lib/thumb/v7e-m+fp/hard/libg.a(lib_a-reallocr.o)
                0x000000000800a420                _realloc_r
 .text.__sprint_r.part.0
                0x000000000800a7f8       0x78 /usr/share/gcc-arm-none-eabi-10.3-2021.10/bin/../lib/gcc/arm-none-eabi/10.3.1/../../../../arm-none-eabi/lib/thumb/v7e-m+fp/hard/libg.a(lib_a-vfiprintf.o)
 .text._vfiprintf_r
                0x000000000800a870      0xdfc /usr/share/gcc-arm-none-eabi-10.3-2021.10/bin/../lib/gcc/arm-none-eabi/10.3.1/../../../../arm-none-eabi/lib/thumb/v7e-m+fp/hard/libg.a(lib_a-vfiprintf.o)
                0x000000000800a870                _vfiprintf_r
 .text.__sbprintf
                0x000000000800b66c       0x80 /usr/share/gcc-arm-none-eabi-10.3-2021.10/bin/../lib/gcc/arm-none-eabi/10.3.1/../../../../arm-none-eabi/lib/thumb/v7e-m+fp/hard/libg.a(lib_a-vfiprintf.o)
 .text.__ascii_wctomb
                0x000000000800b6ec       0x1c /usr/share/gcc-arm-none-eabi-10.3-2021.10/bin/../lib/gcc/arm-none-eabi/10.3.1/../../../../arm-none-eabi/lib/thumb/v7e-m+fp/hard/libg.a(lib_a-wctomb_r.o)
                0x000000000800b6ec                __ascii_wctomb
 .text.__swsetup_r
                0x000000000800b708       0xd4 /usr/share/gcc-arm-none-eabi-10.3-2021.10/bin/../lib/gcc/arm-none-eabi/10.3.1/../../../../arm-none-eabi/lib/thumb/v7e-m+fp/hard/libg.a(lib_a-wsetup.o)
                0x000000000800b708                __swsetup_r
 .text.abort    0x000000000800b7dc       0x10 /usr/share/gcc-arm-none-eabi-10.3-2021.10/bin/../lib/gcc/arm-none-eabi/10.3.1/../../../../arm-none-eabi/lib/thumb/v7e-m+fp/hard/libg.a(lib_a-abort.o)
                0x000000000800b7dc                abort
 .text.__sflush_r
                0x000000000800b7ec      0x130 /usr/share/gcc-arm-none-eabi-10.3-2021.10/bin/../lib/gcc/arm-none-eabi/10.3.1/../../../../arm-none-eabi/lib/thumb/v7e-m+fp/hard/libg.a(lib_a-fflush.o)
                0x000000000800b7ec                __sflush_r
 .text._fflush_r
                0x000000000800b91c       0x5c /usr/share/gcc-arm-none-eabi-10.3-2021.10/bin/../lib/gcc/arm-none-eabi/10.3.1/../../../../arm-none-eabi/lib/thumb/v7e-m+fp/hard/libg.a(lib_a-fflush.o)
                0x000000000800b91c                _fflush_r
 .text._cleanup_r
                0x000000000800b978        0xc /usr/share/gcc-arm-none-eabi-10.3-2021.10/bin/../lib/gcc/arm-none-eabi/10.3.1/../../../../arm-none-eabi/lib/thumb/v7e-m+fp/hard/libg.a(lib_a-findfp.o)
                0x000000000800b978                _cleanup_r
 .text.__sinit  0x000000000800b984      0x10c /usr/share/gcc-arm-none-eabi-10.3-2021.10/bin/../lib/gcc/arm-none-eabi/10.3.1/../../../../arm-none-eabi/lib/thumb/v7e-m+fp/hard/libg.a(lib_a-findfp.o)
                0x000000000800b984                __sinit
 .text.__sfp_lock_acquire
                0x000000000800ba90        0xc /usr/share/gcc-arm-none-eabi-10.3-2021.10/bin/../lib/gcc/arm-none-eabi/10.3.1/../../../../arm-none-eabi/lib/thumb/v7e-m+fp/hard/libg.a(lib_a-findfp.o)
                0x000000000800ba90                __sfp_lock_acquire
 .text.__sfp_lock_release
                0x000000000800ba9c        0xc /usr/share/gcc-arm-none-eabi-10.3-2021.10/bin/../lib/gcc/arm-none-eabi/10.3.1/../../../../arm-none-eabi/lib/thumb/v7e-m+fp/hard/libg.a(lib_a-findfp.o)
                0x000000000800ba9c                __sfp_lock_release
 .text.__fputwc
                0x000000000800baa8       0xa8 /usr/share/gcc-arm-none-eabi-10.3-2021.10/bin/../lib/gcc/arm-none-eabi/10.3.1/../../../../arm-none-eabi/lib/thumb/v7e-m+fp/hard/libg.a(lib_a-fputwc.o)
                0x000000000800baa8                __fputwc
 .text._fputwc_r
                0x000000000800bb50       0x68 /usr/share/gcc-arm-none-eabi-10.3-2021.10/bin/../lib/gcc/arm-none-eabi/10.3.1/../../../../arm-none-eabi/lib/thumb/v7e-m+fp/hard/libg.a(lib_a-fputwc.o)
                0x000000000800bb50                _fputwc_r
 .text.__sfvwrite_r
                0x000000000800bbb8      0x2f0 /usr/share/gcc-arm-none-eabi-10.3-2021.10/bin/../lib/gcc/arm-none-eabi/10.3.1/../../../../arm-none-eabi/lib/thumb/v7e-m+fp/hard/libg.a(lib_a-fvwrite.o)
                0x000000000800bbb8                __sfvwrite_r
 .text._fwalk_reent
                0x000000000800bea8       0x48 /usr/share/gcc-arm-none-eabi-10.3-2021.10/bin/../lib/gcc/arm-none-eabi/10.3.1/../../../../arm-none-eabi/lib/thumb/v7e-m+fp/hard/libg.a(lib_a-fwalk.o)
                0x000000000800bea8                _fwalk_reent
 .text.__smakebuf_r
                0x000000000800bef0       0xe0 /usr/share/gcc-arm-none-eabi-10.3-2021.10/bin/../lib/gcc/arm-none-eabi/10.3.1/../../../../arm-none-eabi/lib/thumb/v7e-m+fp/hard/libg.a(lib_a-makebuf.o)
                0x000000000800bef0                __smakebuf_r
 .text.raise    0x000000000800bfd0       0x5c /usr/share/gcc-arm-none-eabi-10.3-2021.10/bin/../lib/gcc/arm-none-eabi/10.3.1/../../../../arm-none-eabi/lib/thumb/v7e-m+fp/hard/libg.a(lib_a-signal.o)
                0x000000000800bfd0                raise
 .text._kill_r  0x000000000800c02c       0x2c /usr/share/gcc-arm-none-eabi-10.3-2021.10/bin/../lib/gcc/arm-none-eabi/10.3.1/../../../../arm-none-eabi/lib/thumb/v7e-m+fp/hard/libg.a(lib_a-signalr.o)
                0x000000000800c02c                _kill_r
 .text._getpid_r
                0x000000000800c058        0x4 /usr/share/gcc-arm-none-eabi-10.3-2021.10/bin/../lib/gcc/arm-none-eabi/10.3.1/../../../../arm-none-eabi/lib/thumb/v7e-m+fp/hard/libg.a(lib_a-signalr.o)
                0x000000000800c058                _getpid_r
 .text.__sread  0x000000000800c05c       0x24 /usr/share/gcc-arm-none-eabi-10.3-2021.10/bin/../lib/gcc/arm-none-eabi/10.3.1/../../../../arm-none-eabi/lib/thumb/v7e-m+fp/hard/libg.a(lib_a-stdio.o)
                0x000000000800c05c                __sread
 .text.__swrite
                0x000000000800c080       0x40 /usr/share/gcc-arm-none-eabi-10.3-2021.10/bin/../lib/gcc/arm-none-eabi/10.3.1/../../../../arm-none-eabi/lib/thumb/v7e-m+fp/hard/libg.a(lib_a-stdio.o)
                0x000000000800c080                __swrite
 .text.__sseek  0x000000000800c0c0       0x20 /usr/share/gcc-arm-none-eabi-10.3-2021.10/bin/../lib/gcc/arm-none-eabi/10.3.1/../../../../arm-none-eabi/lib/thumb/v7e-m+fp/hard/libg.a(lib_a-stdio.o)
                0x000000000800c0c0                __sseek
 .text.__sclose
                0x000000000800c0e0        0x8 /usr/share/gcc-arm-none-eabi-10.3-2021.10/bin/../lib/gcc/arm-none-eabi/10.3.1/../../../../arm-none-eabi/lib/thumb/v7e-m+fp/hard/libg.a(lib_a-stdio.o)
                0x000000000800c0e0                __sclose
 .text.__swbuf_r
                0x000000000800c0e8       0xb0 /usr/share/gcc-arm-none-eabi-10.3-2021.10/bin/../lib/gcc/arm-none-eabi/10.3.1/../../../../arm-none-eabi/lib/thumb/v7e-m+fp/hard/libg.a(lib_a-wbuf.o)
                0x000000000800c0e8                __swbuf_r
 .text._wcrtomb_r
                0x000000000800c198       0x3c /usr/share/gcc-arm-none-eabi-10.3-2021.10/bin/../lib/gcc/arm-none-eabi/10.3.1/../../../../arm-none-eabi/lib/thumb/v7e-m+fp/hard/libg.a(lib_a-wcrtomb.o)
                0x000000000800c198                _wcrtomb_r
 .text._write_r
                0x000000000800c1d4       0x2c /usr/share/gcc-arm-none-eabi-10.3-2021.10/bin/../lib/gcc/arm-none-eabi/10.3.1/../../../../arm-none-eabi/lib/thumb/v7e-m+fp/hard/libg.a(lib_a-writer.o)
                0x000000000800c1d4                _write_r
 .text._close_r
                0x000000000800c200       0x24 /usr/share/gcc-arm-none-eabi-10.3-2021.10/bin/../lib/gcc/arm-none-eabi/10.3.1/../../../../arm-none-eabi/lib/thumb/v7e-m+fp/hard/libg.a(lib_a-closer.o)
                0x000000000800c200                _close_r
 .text._fclose_r
                0x000000000800c224       0xcc /usr/share/gcc-arm-none-eabi-10.3-2021.10/bin/../lib/gcc/arm-none-eabi/10.3.1/../../../../arm-none-eabi/lib/thumb/v7e-m+fp/hard/libg.a(lib_a-fclose.o)
                0x000000000800c224                _fclose_r
 .text._fstat_r
                0x000000000800c2f0       0x2c /usr/share/gcc-arm-none-eabi-10.3-2021.10/bin/../lib/gcc/arm-none-eabi/10.3.1/../../../../arm-none-eabi/lib/thumb/v7e-m+fp/hard/libg.a(lib_a-fstatr.o)
                0x000000000800c2f0                _fstat_r
 .text._isatty_r
                0x000000000800c31c       0x24 /usr/share/gcc-arm-none-eabi-10.3-2021.10/bin/../lib/gcc/arm-none-eabi/10.3.1/../../../../arm-none-eabi/lib/thumb/v7e-m+fp/hard/libg.a(lib_a-isattyr.o)
                0x000000000800c31c                _isatty_r
 .text._lseek_r
                0x000000000800c340       0x2c /usr/share/gcc-arm-none-eabi-10.3-2021.10/bin/../lib/gcc/arm-none-eabi/10.3.1/../../../../arm-none-eabi/lib/thumb/v7e-m+fp/hard/libg.a(lib_a-lseekr.o)
                0x000000000800c340                _lseek_r
 .text._read_r  0x000000000800c36c       0x2c /usr/share/gcc-arm-none-eabi-10.3-2021.10/bin/../lib/gcc/arm-none-eabi/10.3.1/../../../../arm-none-eabi/lib/thumb/v7e-m+fp/hard/libg.a(lib_a-readr.o)
                0x000000000800c36c                _read_r
 *(.glue_7)
 .glue_7        0x000000000800c398        0x0 linker stubs
 *(.glue_7t)
 .glue_7t       0x000000000800c398        0x0 linker stubs
 *(.eh_frame)
 .eh_frame      0x000000000800c398        0x0 /usr/share/gcc-arm-none-eabi-10.3-2021.10/bin/../lib/gcc/arm-none-eabi/10.3.1/thumb/v7e-m+fp/hard/crtbegin.o
 *(.init)
 .init          0x000000000800c398        0x4 /usr/share/gcc-arm-none-eabi-10.3-2021.10/bin/../lib/gcc/arm-none-eabi/10.3.1/thumb/v7e-m+fp/hard/crti.o
                0x000000000800c398                _init
 .init          0x000000000800c39c        0x8 /usr/share/gcc-arm-none-eabi-10.3-2021.10/bin/../lib/gcc/arm-none-eabi/10.3.1/thumb/v7e-m+fp/hard/crtn.o
 *(.fini)
 .fini          0x000000000800c3a4        0x4 /usr/share/gcc-arm-none-eabi-10.3-2021.10/bin/../lib/gcc/arm-none-eabi/10.3.1/thumb/v7e-m+fp/hard/crti.o
                0x000000000800c3a4                _fini
 .fini          0x000000000800c3a8        0x8 /usr/share/gcc-arm-none-eabi-10.3-2021.10/bin/../lib/gcc/arm-none-eabi/10.3.1/thumb/v7e-m+fp/hard/crtn.o
                0x000000000800c3b0                . = ALIGN (0x4)
                0x000000000800c3b0                _etext = .

.vfp11_veneer   0x000000000800c3b0        0x0
 .vfp11_veneer  0x000000000800c3b0        0x0 linker stubs

.v4_bx          0x000000000800c3b0        0x0
 .v4_bx         0x000000000800c3b0        0x0 linker stubs

.iplt           0x000000000800c3b0        0x0
 .iplt          0x000000000800c3b0        0x0 /usr/share/gcc-arm-none-eabi-10.3-2021.10/bin/../lib/gcc/arm-none-eabi/10.3.1/thumb/v7e-m+fp/hard/crtbegin.o

.rodata         0x000000000800c3b0      0x640
                0x000000000800c3b0                . = ALIGN (0x4)
 *(.rodata)
 *(.rodata*)
 .rodata.BMA220_CreateString.str1.4
                0x000000000800c3b0       0x1b CMakeFiles/RTOS.elf.dir/Core/Src/bma220.c.obj
 *fill*         0x000000000800c3cb        0x1 
 .rodata.str1.4
                0x000000000800c3cc       0xc6 CMakeFiles/RTOS.elf.dir/Core/Src/freertos.c.obj
 *fill*         0x000000000800c492        0x2 
 .rodata.Calculate_Value_attributes
                0x000000000800c494       0x24 CMakeFiles/RTOS.elf.dir/Core/Src/freertos.c.obj
                0x000000000800c494                Calculate_Value_attributes
 .rodata.DataCalculated_attributes
                0x000000000800c4b8       0x10 CMakeFiles/RTOS.elf.dir/Core/Src/freertos.c.obj
                0x000000000800c4b8                DataCalculated_attributes
 .rodata.Meas_Timer_attributes
                0x000000000800c4c8       0x10 CMakeFiles/RTOS.elf.dir/Core/Src/freertos.c.obj
                0x000000000800c4c8                Meas_Timer_attributes
 .rodata.Read_raw_data_attributes
                0x000000000800c4d8       0x24 CMakeFiles/RTOS.elf.dir/Core/Src/freertos.c.obj
                0x000000000800c4d8                Read_raw_data_attributes
 .rodata.SendDataTImer_attributes
                0x000000000800c4fc       0x10 CMakeFiles/RTOS.elf.dir/Core/Src/freertos.c.obj
                0x000000000800c4fc                SendDataTImer_attributes
 .rodata.Send_data_UART_attributes
                0x000000000800c50c       0x24 CMakeFiles/RTOS.elf.dir/Core/Src/freertos.c.obj
                0x000000000800c50c                Send_data_UART_attributes
 .rodata.UARTConfigChange_attributes
                0x000000000800c530       0x10 CMakeFiles/RTOS.elf.dir/Core/Src/freertos.c.obj
                0x000000000800c530                UARTConfigChange_attributes
 .rodata.calculateData_mutex_attributes
                0x000000000800c540       0x10 CMakeFiles/RTOS.elf.dir/Core/Src/freertos.c.obj
                0x000000000800c540                calculateData_mutex_attributes
 .rodata.changingUARTParam_mutex_attributes
                0x000000000800c550       0x10 CMakeFiles/RTOS.elf.dir/Core/Src/freertos.c.obj
                0x000000000800c550                changingUARTParam_mutex_attributes
 .rodata.getData_mutex_attributes
                0x000000000800c560       0x10 CMakeFiles/RTOS.elf.dir/Core/Src/freertos.c.obj
                0x000000000800c560                getData_mutex_attributes
 .rodata.newDataRead_attributes
                0x000000000800c570       0x10 CMakeFiles/RTOS.elf.dir/Core/Src/freertos.c.obj
                0x000000000800c570                newDataRead_attributes
 .rodata.rec_conf_UART_attributes
                0x000000000800c580       0x24 CMakeFiles/RTOS.elf.dir/Core/Src/freertos.c.obj
                0x000000000800c580                rec_conf_UART_attributes
 .rodata.AHBPrescTable
                0x000000000800c5a4       0x10 CMakeFiles/RTOS.elf.dir/Core/Src/system_stm32f3xx.c.obj
                0x000000000800c5a4                AHBPrescTable
 .rodata.APBPrescTable
                0x000000000800c5b4        0x8 CMakeFiles/RTOS.elf.dir/Core/Src/system_stm32f3xx.c.obj
                0x000000000800c5b4                APBPrescTable
 .rodata.aPLLMULFactorTable
                0x000000000800c5bc       0x10 CMakeFiles/RTOS.elf.dir/Drivers/STM32F3xx_HAL_Driver/Src/stm32f3xx_hal_rcc.c.obj
 .rodata.aPredivFactorTable
                0x000000000800c5cc       0x10 CMakeFiles/RTOS.elf.dir/Drivers/STM32F3xx_HAL_Driver/Src/stm32f3xx_hal_rcc.c.obj
 .rodata.vTaskStartScheduler.str1.4
                0x000000000800c5dc        0x5 CMakeFiles/RTOS.elf.dir/Middlewares/Third_Party/FreeRTOS/Source/tasks.c.obj
 *fill*         0x000000000800c5e1        0x3 
 .rodata.prvCheckForValidListAndQueue.str1.4
                0x000000000800c5e4        0x5 CMakeFiles/RTOS.elf.dir/Middlewares/Third_Party/FreeRTOS/Source/timers.c.obj
 *fill*         0x000000000800c5e9        0x3 
 .rodata.xTimerCreateTimerTask.str1.4
                0x000000000800c5ec        0x8 CMakeFiles/RTOS.elf.dir/Middlewares/Third_Party/FreeRTOS/Source/timers.c.obj
 .rodata._global_impure_ptr
                0x000000000800c5f4        0x4 /usr/share/gcc-arm-none-eabi-10.3-2021.10/bin/../lib/gcc/arm-none-eabi/10.3.1/../../../../arm-none-eabi/lib/thumb/v7e-m+fp/hard/libg.a(lib_a-impure.o)
                0x000000000800c5f4                _global_impure_ptr
 .rodata._svfprintf_r.str1.4
                0x000000000800c5f8       0x42 /usr/share/gcc-arm-none-eabi-10.3-2021.10/bin/../lib/gcc/arm-none-eabi/10.3.1/../../../../arm-none-eabi/lib/thumb/v7e-m+fp/hard/libg.a(lib_a-svfprintf.o)
 *fill*         0x000000000800c63a        0x2 
 .rodata.blanks.1
                0x000000000800c63c       0x10 /usr/share/gcc-arm-none-eabi-10.3-2021.10/bin/../lib/gcc/arm-none-eabi/10.3.1/../../../../arm-none-eabi/lib/thumb/v7e-m+fp/hard/libg.a(lib_a-svfprintf.o)
 .rodata.zeroes.0
                0x000000000800c64c       0x10 /usr/share/gcc-arm-none-eabi-10.3-2021.10/bin/../lib/gcc/arm-none-eabi/10.3.1/../../../../arm-none-eabi/lib/thumb/v7e-m+fp/hard/libg.a(lib_a-svfprintf.o)
 .rodata._dtoa_r.str1.4
                0x000000000800c65c       0xa2 /usr/share/gcc-arm-none-eabi-10.3-2021.10/bin/../lib/gcc/arm-none-eabi/10.3.1/../../../../arm-none-eabi/lib/thumb/v7e-m+fp/hard/libg.a(lib_a-dtoa.o)
                                         0xa6 (size before relaxing)
 *fill*         0x000000000800c6fe        0x2 
 .rodata.__multadd.str1.4
                0x000000000800c700       0x7f /usr/share/gcc-arm-none-eabi-10.3-2021.10/bin/../lib/gcc/arm-none-eabi/10.3.1/../../../../arm-none-eabi/lib/thumb/v7e-m+fp/hard/libg.a(lib_a-mprec.o)
                                         0x93 (size before relaxing)
 *fill*         0x000000000800c77f        0x1 
 .rodata.__mprec_bigtens
                0x000000000800c780       0x28 /usr/share/gcc-arm-none-eabi-10.3-2021.10/bin/../lib/gcc/arm-none-eabi/10.3.1/../../../../arm-none-eabi/lib/thumb/v7e-m+fp/hard/libg.a(lib_a-mprec.o)
                0x000000000800c780                __mprec_bigtens
 .rodata.__mprec_tens
                0x000000000800c7a8       0xc8 /usr/share/gcc-arm-none-eabi-10.3-2021.10/bin/../lib/gcc/arm-none-eabi/10.3.1/../../../../arm-none-eabi/lib/thumb/v7e-m+fp/hard/libg.a(lib_a-mprec.o)
                0x000000000800c7a8                __mprec_tens
 .rodata.p05.0  0x000000000800c870        0xc /usr/share/gcc-arm-none-eabi-10.3-2021.10/bin/../lib/gcc/arm-none-eabi/10.3.1/../../../../arm-none-eabi/lib/thumb/v7e-m+fp/hard/libg.a(lib_a-mprec.o)
 .rodata.__assert_func.str1.4
                0x000000000800c87c       0x3f /usr/share/gcc-arm-none-eabi-10.3-2021.10/bin/../lib/gcc/arm-none-eabi/10.3.1/../../../../arm-none-eabi/lib/thumb/v7e-m+fp/hard/libg.a(lib_a-assert.o)
                                         0x43 (size before relaxing)
 *fill*         0x000000000800c8bb        0x1 
 .rodata._setlocale_r.str1.4
                0x000000000800c8bc        0xa /usr/share/gcc-arm-none-eabi-10.3-2021.10/bin/../lib/gcc/arm-none-eabi/10.3.1/../../../../arm-none-eabi/lib/thumb/v7e-m+fp/hard/libg.a(lib_a-locale.o)
                                          0xd (size before relaxing)
 *fill*         0x000000000800c8c6        0x2 
 .rodata.str1.4
                0x000000000800c8c8        0x2 /usr/share/gcc-arm-none-eabi-10.3-2021.10/bin/../lib/gcc/arm-none-eabi/10.3.1/../../../../arm-none-eabi/lib/thumb/v7e-m+fp/hard/libg.a(lib_a-locale.o)
 .rodata._vfiprintf_r.str1.4
                0x000000000800c8ca       0x2f /usr/share/gcc-arm-none-eabi-10.3-2021.10/bin/../lib/gcc/arm-none-eabi/10.3.1/../../../../arm-none-eabi/lib/thumb/v7e-m+fp/hard/libg.a(lib_a-vfiprintf.o)
 *fill*         0x000000000800c8ca        0x2 
 .rodata.blanks.1
                0x000000000800c8cc       0x10 /usr/share/gcc-arm-none-eabi-10.3-2021.10/bin/../lib/gcc/arm-none-eabi/10.3.1/../../../../arm-none-eabi/lib/thumb/v7e-m+fp/hard/libg.a(lib_a-vfiprintf.o)
 .rodata.zeroes.0
                0x000000000800c8dc       0x10 /usr/share/gcc-arm-none-eabi-10.3-2021.10/bin/../lib/gcc/arm-none-eabi/10.3.1/../../../../arm-none-eabi/lib/thumb/v7e-m+fp/hard/libg.a(lib_a-vfiprintf.o)
 .rodata._ctype_
                0x000000000800c8ec      0x101 /usr/share/gcc-arm-none-eabi-10.3-2021.10/bin/../lib/gcc/arm-none-eabi/10.3.1/../../../../arm-none-eabi/lib/thumb/v7e-m+fp/hard/libg.a(lib_a-ctype_.o)
                0x000000000800c8ec                _ctype_
                0x000000000800c9f0                . = ALIGN (0x4)
 *fill*         0x000000000800c9ed        0x3 

.ARM.extab      0x000000000800c9f0        0x0
                0x000000000800c9f0                . = ALIGN (0x4)
 *(.ARM.extab* .gnu.linkonce.armextab.*)
                0x000000000800c9f0                . = ALIGN (0x4)

.ARM            0x000000000800c9f0        0x8
                0x000000000800c9f0                . = ALIGN (0x4)
                0x000000000800c9f0                __exidx_start = .
 *(.ARM.exidx*)
 .ARM.exidx     0x000000000800c9f0        0x8 /usr/share/gcc-arm-none-eabi-10.3-2021.10/bin/../lib/gcc/arm-none-eabi/10.3.1/thumb/v7e-m+fp/hard/libgcc.a(_udivmoddi4.o)
                0x000000000800c9f8                __exidx_end = .
                0x000000000800c9f8                . = ALIGN (0x4)

.rel.dyn        0x000000000800c9f8        0x0
 .rel.iplt      0x000000000800c9f8        0x0 /usr/share/gcc-arm-none-eabi-10.3-2021.10/bin/../lib/gcc/arm-none-eabi/10.3.1/thumb/v7e-m+fp/hard/crtbegin.o

.preinit_array  0x000000000800c9f8        0x0
                0x000000000800c9f8                . = ALIGN (0x4)
                0x000000000800c9f8                PROVIDE (__preinit_array_start = .)
 *(.preinit_array*)
                0x000000000800c9f8                PROVIDE (__preinit_array_end = .)
                0x000000000800c9f8                . = ALIGN (0x4)

.init_array     0x000000000800c9f8        0x8
                0x000000000800c9f8                . = ALIGN (0x4)
                0x000000000800c9f8                PROVIDE (__init_array_start = .)
 *(SORT_BY_NAME(.init_array.*))
 .init_array.00000
                0x000000000800c9f8        0x4 /usr/share/gcc-arm-none-eabi-10.3-2021.10/bin/../lib/gcc/arm-none-eabi/10.3.1/../../../../arm-none-eabi/lib/thumb/v7e-m+fp/hard/libg.a(lib_a-__call_atexit.o)
 *(.init_array*)
 .init_array    0x000000000800c9fc        0x4 /usr/share/gcc-arm-none-eabi-10.3-2021.10/bin/../lib/gcc/arm-none-eabi/10.3.1/thumb/v7e-m+fp/hard/crtbegin.o
                0x000000000800ca00                PROVIDE (__init_array_end = .)
                0x000000000800ca00                . = ALIGN (0x4)

.fini_array     0x000000000800ca00        0x4
                0x000000000800ca00                . = ALIGN (0x4)
                0x000000000800ca00                PROVIDE (__fini_array_start = .)
 *(SORT_BY_NAME(.fini_array.*))
 *(.fini_array*)
 .fini_array    0x000000000800ca00        0x4 /usr/share/gcc-arm-none-eabi-10.3-2021.10/bin/../lib/gcc/arm-none-eabi/10.3.1/thumb/v7e-m+fp/hard/crtbegin.o
                0x000000000800ca04                PROVIDE (__fini_array_end = .)
                0x000000000800ca04                . = ALIGN (0x4)
                0x000000000800ca04                _sidata = LOADADDR (.data)

.data           0x0000000020000000      0x9c0 load address 0x000000000800ca04
                0x0000000020000000                . = ALIGN (0x4)
                0x0000000020000000                _sdata = .
 *(.data)
 *(.data*)
 .data.SystemCoreClock
                0x0000000020000000        0x4 CMakeFiles/RTOS.elf.dir/Core/Src/system_stm32f3xx.c.obj
                0x0000000020000000                SystemCoreClock
 .data.uwTickFreq
                0x0000000020000004        0x1 CMakeFiles/RTOS.elf.dir/Drivers/STM32F3xx_HAL_Driver/Src/stm32f3xx_hal.c.obj
                0x0000000020000004                uwTickFreq
 *fill*         0x0000000020000005        0x3 
 .data.uwTickPrio
                0x0000000020000008        0x4 CMakeFiles/RTOS.elf.dir/Drivers/STM32F3xx_HAL_Driver/Src/stm32f3xx_hal.c.obj
                0x0000000020000008                uwTickPrio
 .data.uxCriticalNesting
                0x000000002000000c        0x4 CMakeFiles/RTOS.elf.dir/Middlewares/Third_Party/FreeRTOS/Source/portable/GCC/ARM_CM4F/port.c.obj
 .data._impure_ptr
                0x0000000020000010        0x4 /usr/share/gcc-arm-none-eabi-10.3-2021.10/bin/../lib/gcc/arm-none-eabi/10.3.1/../../../../arm-none-eabi/lib/thumb/v7e-m+fp/hard/libg.a(lib_a-impure.o)
                0x0000000020000010                _impure_ptr
 *fill*         0x0000000020000014        0x4 
 .data.impure_data
                0x0000000020000018      0x428 /usr/share/gcc-arm-none-eabi-10.3-2021.10/bin/../lib/gcc/arm-none-eabi/10.3.1/../../../../arm-none-eabi/lib/thumb/v7e-m+fp/hard/libg.a(lib_a-impure.o)
 .data.__malloc_av_
                0x0000000020000440      0x408 /usr/share/gcc-arm-none-eabi-10.3-2021.10/bin/../lib/gcc/arm-none-eabi/10.3.1/../../../../arm-none-eabi/lib/thumb/v7e-m+fp/hard/libg.a(lib_a-mallocr.o)
                0x0000000020000440                __malloc_av_
 .data.__malloc_sbrk_base
                0x0000000020000848        0x4 /usr/share/gcc-arm-none-eabi-10.3-2021.10/bin/../lib/gcc/arm-none-eabi/10.3.1/../../../../arm-none-eabi/lib/thumb/v7e-m+fp/hard/libg.a(lib_a-mallocr.o)
                0x0000000020000848                __malloc_sbrk_base
 .data.__malloc_trim_threshold
                0x000000002000084c        0x4 /usr/share/gcc-arm-none-eabi-10.3-2021.10/bin/../lib/gcc/arm-none-eabi/10.3.1/../../../../arm-none-eabi/lib/thumb/v7e-m+fp/hard/libg.a(lib_a-mallocr.o)
                0x000000002000084c                __malloc_trim_threshold
 .data.__atexit_recursive_mutex
                0x0000000020000850        0x4 /usr/share/gcc-arm-none-eabi-10.3-2021.10/bin/../lib/gcc/arm-none-eabi/10.3.1/../../../../arm-none-eabi/lib/thumb/v7e-m+fp/hard/libg.a(lib_a-__call_atexit.o)
                0x0000000020000850                __atexit_recursive_mutex
 .data.__global_locale
                0x0000000020000854      0x16c /usr/share/gcc-arm-none-eabi-10.3-2021.10/bin/../lib/gcc/arm-none-eabi/10.3.1/../../../../arm-none-eabi/lib/thumb/v7e-m+fp/hard/libg.a(lib_a-locale.o)
                0x0000000020000854                __global_locale
 *(.RamFunc)
 *(.RamFunc*)
                0x00000000200009c0                . = ALIGN (0x4)
                0x00000000200009c0                _edata = .